
Cross Reference Table

Symbol                                            File
KERNEL_PDT                                        syscalla.o
actual                                            sys_misc.o
                                                  sys_time.o
                                                  sys_con.o
                                                  sys_proc.o
                                                  sys_mem.o
                                                  syscalla.o
                                                  syscalls.o
close                                             sys_proc.o
clrscr                                            sys_con.o
convertir_direccion                               sys_misc.o
                                                  sys_con.o
                                                  sys_proc.o
copy_page                                         sys_proc.o
despertar_task                                    sys_time.o
                                                  sys_proc.o
dormir_task                                       sys_time.o
                                                  sys_proc.o
encontrar_proceso_por_pid                         sys_time.o
                                                  sys_proc.o
exit_addr                                         sys_proc.o
find_empty_var                                    sys_misc.o
find_var                                          sys_misc.o
free                                              sys_time.o
                                                  sys_proc.o
get_new_pid                                       sys_proc.o
gets                                              sys_con.o
getvar                                            sys_misc.o
                                                  sys_proc.o
header_floppy_cache                               sys_proc.o
init_new_task                                     sys_proc.o
init_var                                          sys_misc.o
insertar_timer                                    sys_time.o
intSysCall                                        syscalla.o
kfree_page                                        sys_proc.o
kmapmem                                           sys_proc.o
                                                  sys_mem.o
kmem_free                                         sys_proc.o
                                                  sys_mem.o
kpanic                                            sys_proc.o
kprintf                                           sys_misc.o
                                                  sys_time.o
                                                  sys_proc.o
                                                  sys_mem.o
                                                  syscalls.o
kunmapmem                                         sys_proc.o
lseek                                             sys_proc.o
malloc                                            sys_time.o
                                                  sys_proc.o
memcpy                                            sys_proc.o
morecores                                         sys_proc.o
open                                              sys_proc.o
perror                                            sys_proc.o
putchar                                           sys_con.o
read                                              sys_proc.o
remover_task                                      sys_proc.o
remover_timer                                     sys_time.o
setvar                                            sys_misc.o
spin_lock                                         sys_con.o
spin_unlock                                       sys_con.o
strcmp                                            sys_misc.o
strlen                                            sys_con.o
strncpy                                           sys_misc.o
sys_clrscr                                        sys_con.o
sys_console                                       syscalla.o
                                                  syscalls.o
sys_exec                                          sys_proc.o
sys_exit                                          sys_proc.o
sys_exit_mm                                       sys_proc.o
sys_exit_notify                                   sys_proc.o
sys_fork                                          sys_proc.o
sys_free_mem                                      sys_mem.o
sys_free_page                                     sys_mem.o
sys_get_pid                                       sys_proc.o
sys_get_ppid                                      sys_proc.o
sys_gets                                          sys_con.o
sys_getvar                                        sys_misc.o
sys_kill                                          sys_time.o
sys_malloc_page                                   sys_mem.o
sys_mem                                           syscalla.o
                                                  syscalls.o
sys_misc                                          syscalla.o
                                                  syscalls.o
sys_no_existe                                     syscalls.o
                                                  syscalla.o
sys_perror                                        sys_proc.o
sys_print                                         sys_con.o
sys_proc_dump                                     sys_time.o
sys_proc_dump_v                                   sys_time.o
sys_process                                       syscalla.o
                                                  syscalls.o
sys_renice                                        sys_proc.o
sys_setvar                                        sys_misc.o
sys_show                                          sys_proc.o
sys_sleep                                         sys_time.o
sys_timer                                         syscalla.o
                                                  syscalls.o
sys_timer_dump                                    sys_time.o
sys_usleep                                        sys_time.o
sys_void                                          sys_proc.o
sys_waitpid                                       sys_proc.o
syscall                                           syscalla.o
syscall_console                                   sys_con.o
                                                  syscalla.o
syscall_group_max                                 syscalls.o
                                                  syscalla.o
syscall_group_vector                              syscalls.o
                                                  syscalla.o
syscall_mem                                       sys_mem.o
                                                  syscalla.o
syscall_misc                                      sys_misc.o
                                                  syscalla.o
syscall_process                                   sys_proc.o
                                                  syscalla.o
syscall_timer                                     sys_time.o
                                                  syscalla.o
tareas_inicio                                     sys_time.o
timer_inicio                                      sys_time.o
tomar_nombre_tarea                                sys_proc.o
ufree_page                                        sys_proc.o
umalloc_page                                      sys_proc.o
                                                  sys_mem.o
variables                                         sys_misc.o
zombie_header                                     sys_proc.o
zombie_queue_len                                  sys_proc.o
