Archive member included because of file (symbol)

../lib/routstd.a(routix.o)    shell.o (proc_dump)
../lib/routstd.a(string.o)    shell.o (strcmp)

Allocating common symbols
Common symbol       size              file

msg                 0x40              shell.o
msg2                0x40              shell.o
msg1                0x40              shell.o

Memory Configuration

Name             Origin             Length             Attributes
*default*        0x00000000         0xffffffff

Linker script and memory map


.text           0x80000000      0xa20
 *.o(.text)
 .text          0x80000000      0x380 shell.o
                0x80000000                main
 .text          0x80000380      0x450 ../lib/routstd.a(routix.o)
                0x8000039d                usleep
                0x80000553                putchar
                0x8000041e                free_mem
                0x80000380                sleep
                0x800004ec                renice
                0x8000057a                puts
                0x800003ba                proc_dump
                0x80000491                exec
                0x80000743                printn_
                0x800004ae                gets
                0x800003ec                malloc_page
                0x80000401                free_page
                0x800003cf                proc_dump_v
                0x80000433                perror
                0x8000051b                get_pid
                0x8000079e                getascii
                0x800004c8                fork
                0x80000537                get_ppid
                0x8000044d                kill
                0x800004da                voido
                0x800005c0                printf
                0x800005ae                clrscr
 .text          0x800007d0      0x250 ../lib/routstd.a(string.o)
                0x80000860                strcat
                0x800007d0                strcmp
                0x800008d0                strncpy
                0x800009b7                atoi
                0x80000999                memcpy
                0x8000090a                str_to_upper
                0x800008a1                strcpy
                0x80000947                memcmp
                0x80000833                strlen
                0x00000a20                __code_size = SIZEOF (.text)

.data           0x88000000      0x180 load address 0x80000a20
 *.o(.data)
 .data          0x88000000      0x160 shell.o
                0x88000000                str
 .data          0x88000160       0x20 ../lib/routstd.a(routix.o)
                0x88000176                sposicion
                0x00000180                __data_size = SIZEOF (.data)

.bss            0x88000180       0xc0
 *.o(.bss)
 COMMON         0x88000180       0xc0 shell.o
                                  0x0 (size before relaxing)
                0x88000180                msg
                0x880001c0                msg2
                0x88000200                msg1

.comment
 *(.comment)
TARGET(coff-go32)
LOAD shell.o
LOAD ../lib/routstd.a
OUTPUT(shell.bin coff-go32)
