Archive member included because of file (symbol)

../lib/routstd.a(routix.o)    shell.o (proc_dump)
../lib/routstd.a(string.o)    shell.o (strcmp)

Allocating common symbols
Common symbol       size              file

j                   0x10              shell.o
msg                 0x40              shell.o
k                   0x10              shell.o
msg2                0x40              shell.o
msg1                0x40              shell.o

Memory Configuration

Name             Origin             Length             Attributes
*default*        0x00000000         0xffffffff

Linker script and memory map


.text           0x80000000      0xca0
 *.o(.text)
 .text          0x80000000      0x560 shell.o
                0x80000000                main
 .text          0x80000560      0x4f0 ../lib/routstd.a(routix.o)
                0x8000057d                usleep
                0x80000767                putchar
                0x800005fe                free_mem
                0x80000560                sleep
                0x800006cc                renice
                0x8000078e                puts
                0x80000a05                setvar
                0x8000059a                proc_dump
                0x80000671                exec
                0x80000983                printn_
                0x80000a25                getvar
                0x8000068e                gets
                0x800005cc                malloc_page
                0x800005e1                free_page
                0x800005af                proc_dump_v
                0x8000074d                show
                0x80000613                perror
                0x800006fb                get_pid
                0x800009de                getascii
                0x800006a8                fork
                0x80000717                get_ppid
                0x8000062d                kill
                0x80000733                exit
                0x800006ba                voido
                0x800007d4                printf
                0x800007c2                clrscr
 .text          0x80000a50      0x250 ../lib/routstd.a(string.o)
                0x80000ae0                strcat
                0x80000a50                strcmp
                0x80000b50                strncpy
                0x80000c37                atoi
                0x80000c19                memcpy
                0x80000b8a                str_to_upper
                0x80000b21                strcpy
                0x80000bc7                memcmp
                0x80000ab3                strlen
                0x00000ca0                __code_size = SIZEOF (.text)

.data           0x88000000      0x240 load address 0x80000ca0
 *.o(.data)
 .data          0x88000000      0x220 shell.o
                0x88000000                str
 .data          0x88000220       0x20 ../lib/routstd.a(routix.o)
                0x88000236                sposicion
                0x00000240                __data_size = SIZEOF (.data)

.bss            0x88000240       0xe0
 *.o(.bss)
 COMMON         0x88000240       0xe0 shell.o
                                  0x0 (size before relaxing)
                0x88000240                j
                0x88000250                msg
                0x88000290                k
                0x880002a0                msg2
                0x880002e0                msg1

.comment
 *(.comment)
TARGET(coff-go32)
LOAD shell.o
LOAD ../lib/routstd.a
OUTPUT(shell.bin coff-go32)
