Archive member included because of file (symbol)

../lib/routstd.a(routix.o)    shell.o (proc_dump)
../lib/routstd.a(string.o)    shell.o (strcmp)

Allocating common symbols
Common symbol       size              file

msg                 0x40              shell.o
msg2                0x40              shell.o
msg1                0x40              shell.o

Memory Configuration

Name             Origin             Length             Attributes
*default*        0x00000000         0xffffffff

Linker script and memory map


.text           0x80000000      0xad0
 *.o(.text)
 .text          0x80000000      0x400 shell.o
                0x80000000                main
 .text          0x80000400      0x480 ../lib/routstd.a(routix.o)
                0x8000041d                usleep
                0x80000607                putchar
                0x8000049e                free_mem
                0x80000400                sleep
                0x8000056c                renice
                0x8000062e                puts
                0x8000043a                proc_dump
                0x80000511                exec
                0x800007f7                printn_
                0x8000052e                gets
                0x8000046c                malloc_page
                0x80000481                free_page
                0x8000044f                proc_dump_v
                0x800005ed                show
                0x800004b3                perror
                0x8000059b                get_pid
                0x80000852                getascii
                0x80000548                fork
                0x800005b7                get_ppid
                0x800004cd                kill
                0x800005d3                exit
                0x8000055a                voido
                0x80000674                printf
                0x80000662                clrscr
 .text          0x80000880      0x250 ../lib/routstd.a(string.o)
                0x80000910                strcat
                0x80000880                strcmp
                0x80000980                strncpy
                0x80000a67                atoi
                0x80000a49                memcpy
                0x800009ba                str_to_upper
                0x80000951                strcpy
                0x800009f7                memcmp
                0x800008e3                strlen
                0x00000ad0                __code_size = SIZEOF (.text)

.data           0x88000000      0x1a0 load address 0x80000ad0
 *.o(.data)
 .data          0x88000000      0x180 shell.o
                0x88000000                str
 .data          0x88000180       0x20 ../lib/routstd.a(routix.o)
                0x88000196                sposicion
                0x000001a0                __data_size = SIZEOF (.data)

.bss            0x880001a0       0xc0
 *.o(.bss)
 COMMON         0x880001a0       0xc0 shell.o
                                  0x0 (size before relaxing)
                0x880001a0                msg
                0x880001e0                msg2
                0x88000220                msg1

.comment
 *(.comment)
TARGET(coff-go32)
LOAD shell.o
LOAD ../lib/routstd.a
OUTPUT(shell.bin coff-go32)
