
Allocating common symbols
Common symbol       size              file

_bufferTeclado      0x10              obj/int.o
_tss                0x70              obj/sched.a
__inicio            0x10              obj/mm.a
_buffer             0x200             obj/fat12.o
_dev_fat            0x20              obj/fat12.o
__fin               0x10              obj/mm.a
_exit_addr          0x10              obj/bootstrap.a
_fat_header         0x10              obj/fat12.o
_variables          0x120             obj/syscalls.a
_status             0x30              obj/floppy.a
_memoria            0x10              obj/mm.a
__sp                0x10              obj/mm.a

Memory Configuration

Name             Origin             Length             Attributes
*default*        0x00000000         0xffffffff

Linker script and memory map


.text           0xc0000000     0x8b80
 obj/boot.o(.text)
 .text          0xc0000000       0x10 obj/boot.o
                0xc0000000                _start
 obj/*.o(.text)
 .text          0xc0000010      0x190 obj/inta.o
                0xc0000021                _excepcion1
                0xc0000087                _excepcion7
                0xc0000076                _excepcion6
                0xc0000043                _excepcion3
                0xc0000131                _excepcion17
                0xc00000cb                _excepcion11
                0xc000018c                _intFloppy
                0xc0000153                _excepcion19
                0xc0000010                _excepcion0
                0xc0000054                _excepcion4
                0xc0000164                _intDefaultHandler
                0xc0000032                _excepcion2
                0xc0000065                _excepcion5
                0xc00000ed                _excepcion13
                0xc000010f                _excepcion15
                0xc0000120                _excepcion16
                0xc00000a9                _excepcion9
                0xc0000142                _excepcion18
                0xc0000178                _intTeclado
                0xc00000ba                _excepcion10
                0xc00000fe                _excepcion14
                0xc00000dc                _excepcion12
                0xc0000098                _excepcion8
 .text          0xc00001a0      0x760 obj/int.o
                0xc00001a0                _DefaultHandler
                0xc0000527                _inicializarInterrupciones
                0xc000040b                _Teclado
                0xc000038c                _ExcepcionHandler
 .text          0xc0000900       0x80 obj/io.o
                0xc000095c                _outportb_p
                0xc000093c                _inportb_p
                0xc000091f                _outportb
                0xc0000900                _inportb
 .text          0xc0000980      0x250 obj/string.o
                0xc0000980                _strcmp
                0xc0000ab4                _str_to_lower
                0xc0000b07                _toupper
                0xc0000a3f                _strncpy
                0xc0000b71                _memcpy
                0xc0000b8f                _memset
                0xc0000aef                _tolower
                0xc0000a79                _str_to_upper
                0xc0000a10                _strcpy
                0xc0000b1f                _memcmp
                0xc00009e3                _strlen
 .text          0xc0000bd0      0x1f0 obj/pic.o
                0xc0000bd0                _inicializarPics
                0xc0000ce0                _endOfInterrupt
                0xc0000c9d                _mascarasPics
                0xc0000cf7                _enable_irq
                0xc0000d55                _disable_irq
 .text          0xc0000dc0      0x530 obj/file.o
                0xc0000dc0                _open
                0xc0000ecc                _open_FAT12
                0xc0000ffe                _lseek
                0xc00011bb                _read
                0xc0001165                _close
 .text          0xc00012f0       0x20 obj/libk.o
                0xc00012f0                _exec
 .text          0xc0001310       0x70 obj/stdlib.o
                0xc0001310                _atoi
 .text          0xc0001380      0xf40 obj/fat12.o
                0xc00018d0                _str_dir_len
                0xc000150b                _levantar_fat
                0xc0001f93                _fat_root_dir
                0xc0001753                _fat_adapta_name
                0xc0001ae3                _floppy_cache_init
                0xc0001398                _fat_12
                0xc0002110                _fat_test
                0xc00017ef                _fat_next_sector
                0xc0001e02                _print_fat_info
                0xc000192a                _fat_file_find
                0xc0001b20                _floppy_cache
                0xc000170e                _init_floppy_fs
 .text          0xc00022c0      0x880 obj/time.o
                0xc000288a                _day_of_year
                0xc00028e6                _mktime
                0xc0002a29                _es_bisiesto
                0xc00022c0                _get_value
                0xc000256f                _actualizar_reloj
                0xc00025f4                _localtime
                0xc0002ae3                _asctime
                0xc00022f8                _set_value
                0xc000234e                _init_time
 .text          0xc0002b40      0x180 obj/8254.o
                0xc0002c15                _init_8254
 .text          0xc0002cc0      0x1c0 obj/timer.o
                0xc0002d42                _actualizar_timers
                0xc0002cc0                _timertick_handler
                0xc0002d93                _insertar_timer
                0xc0002e04                _remover_timer
 .text          0xc0002e80       0xb0 obj/error.o
                0xc0002e88                _perror
                0xc0002ef5                _kpanic
 .text          0xc0002f30      0x130 obj/event.o
                0xc0002f30                _insertar_evento
                0xc0002f9d                _remover_evento
                0xc000300f                _actualizar_eventos
 .text          0xc0003060       0x90 obj/spinlock.o
                0xc00030bd                _spin_unlock
                0xc0003060                _TestAndSet
                0xc0003074                _spin_lock
 obj/*.a(.text)
 .text          0xc00030f0      0x3d0 obj/bootstrap.a
                0xc00030f0                _init
                0xc00032e5                _kmain
 .text          0xc00034c0     0x13e0 obj/mm.a
                0xc000359e                _morecore
                0xc00035eb                _free
                0xc000422d                _convertir_direccion
                0xc00036c0                _init_MM_base
                0xc0003c27                _make_int_gate
                0xc000440e                _kmapmem
                0xc0003fc5                _inicializacion_kmalloc
                0xc000482b                _make_pdt
                0xc0004867                _copy_page
                0xc0004200                _get_page_index
                0xc0003d72                _kfree_page
                0xc0003bc0                _make_descriptor
                0xc0003e36                _get_free_page
                0xc00046c5                _kunmapmem
                0xc00040f2                _kmem_free
                0xc000428b                _make_pde
                0xc0003c82                _make_trap_gate
                0xc0003cdd                _make_task_gate
                0xc0003b05                _init_all_memory
                0xc00042b6                _make_pte
                0xc0003d15                _clear_busy_bit
                0xc00034c0                _malloc
                0xc0003aaa                _contar_memoria
                0xc0004107                _umalloc_page
                0xc0003eb7                _print_free_pages
                0xc00041ae                _ufree_page
                0xc0003a68                _init_MM
                0xc0003d34                _lidt
                0xc0003dd5                _kmalloc_page
                0xc0003d40                _kmalloc_page_start
                0xc0003d29                _lgdt
 .text          0xc00048a0     0x1e80 obj/syscalls.a
                0xc0004aed                _sys_free_page
                0xc000599e                _sys_get_ppid
                0xc0006402                _sys_getvar
                0xc0005da0                _sys_print
                0xc000598b                _sys_get_pid
                0xc0005e4e                _sys_clrscr
                0xc0004995                _sys_mem
                0xc00064fd                _setvar
                0xc00066b6                _find_empty_var
                0xc0005a38                _sys_exit
                0xc0005fd1                _sys_proc_dump
                0xc00063a0                _init_var
                0xc0006619                _getvar
                0xc00058f1                _sys_perror
                0xc000665a                _find_var
                0xc0004984                _sys_timer
                0xc0004fa2                _sys_exec
                0xc0004962                _sys_process
                0xc0004b05                _sys_free_mem
                0xc0005e8f                _sys_usleep
                0xc0005e11                _sys_gets
                0xc0004973                _sys_console
                0xc0004b35                _sys_void
                0xc00049fa                _sys_malloc_page
                0xc0004b84                _sys_fork
                0xc0005e60                _sys_sleep
                0xc00049a6                _sys_misc
                0xc00048ca                _sys_no_existe
                0xc00061a8                _sys_proc_dump_v
                0xc0004920                _intSysCall
                0xc0005ccb                _sys_show
                0xc0005920                _sys_renice
                0xc00063d5                _sys_setvar
 .text          0xc0006720      0x5d0 obj/console.a
                0xc0006890                _putchar
                0xc0006988                _puts
                0xc0006c67                _printn
                0xc00067e6                _gets
                0xc0006720                _getchar
                0xc0006ae3                _kprintf
                0xc0006cc2                _getascii
                0xc0006a32                _scroll_up
                0xc00069c0                _nextpos
                0xc0006aac                _gotoxy
                0xc00069ec                _clrscr
 .text          0xc0006cf0      0x6c0 obj/sched.a
                0xc00071e0                _entrada_de_inicio
                0xc0006cf0                _inicializarTss
                0xc0006ea9                _inc_tareas_activas
                0xc000709d                _insertar_tarea
                0xc0006f01                _despertar_task
                0xc0007285                _start_scheduler
                0xc0006e92                _get_new_pid
                0xc000735e                _scheduler
                0xc0007319                _tarea_init
                0xc00071b0                _switch_to_kernel_mode
                0xc0007147                _tomar_nombre_tarea
                0xc0006d83                _inicializar_task
                0xc000710d                _encontrar_proceso_por_pid
                0xc0006f40                _init_new_task
                0xc0007215                _intProximaTarea
                0xc0006eb4                _dormir_task
 .text          0xc00073b0       0x90 obj/signals.a
                0xc00073ca                _sys_kill
 .text          0xc0007440      0x680 obj/taskdeb.a
                0xc00079fb                _ps
                0xc000769c                _dump_tm
                0xc00077c5                _local
                0xc0007730                _bisiestos
                0xc0007497                _time_debug
                0xc00078f6                _task_debug
 .text          0xc0007ac0     0x10c0 obj/floppy.a
                0xc0008336                _leer_escribir
                0xc0007dac                _recalibrate
                0xc000881a                _dump_status_register
                0xc0008222                _init_floppy_DMA
                0xc0008b4d                _Floppy
                0xc00084dc                _dump_states
                0xc0008023                _read_sector
                0xc0007c4b                _init_floppy
                0xc00081c9                _block
                0xc0007bb4                _floppy_get_result
                0xc0007f3b                _seek
                0xc0007e92                _read_sector_id
                0xc0007af3                _motor_off
                0xc0007ac0                _motor_on
                0xc00081aa                _read_msr
                0xc0007b1b                _set_dor
                0xc0007b44                _floppy_sendbyte
                0xc000844f                _leer_sec
                0x00008b80                __code_size = SIZEOF (.text)

.data           0xc8000000     0x1e20 load address 0xc0008b80
 obj/*(.data)
 .data          0xc8000000       0x30 obj/mm.a
                0xc8000010                _KERNEL_PDT
                0xc8000020                _DEBUG_PAGINACION
                0xc8000004                _morecores
 .data          0xc8000030      0x1c0 obj/syscalls.a
                0xc8000170                _syscall_timer
                0xc80000f0                _syscall_process
                0xc80000b0                _syscall_mem
                0xc80001b0                _syscall_misc
                0xc8000070                _syscall_group_max
                0xc8000130                _syscall_console
                0xc8000030                _syscall_group_vector
 .data          0xc80001f0       0x10 obj/console.a
                0xc80001f4                _cursor_caracteristicas
                0xc80001f0                _pos
 .data          0xc8000200       0x20 obj/sched.a
                0xc8000210                _tareas_inicio
                0xc8000214                _actual
 .data          0xc8000220       0x80 obj/int.o
                0xc8000240                _Keyboard_Controller
                0xc8000224                _ptrbufferTeclado
                0xc8000220                _directorio
 .data          0xc80002a0       0x10 obj/taskdeb.a
                0xc80002a0                _estados
 .data          0xc80002b0       0x20 obj/floppy.a
                0xc80002b8                _ic_codes
                0xc80002b4                _dma_address
                0xc80002b1                _floppy_calibrado
                0xc80002b0                _motor_status
 .data          0xc80002d0       0x10 obj/file.o
                0xc80002d4                _file_descriptor_actual
                0xc80002d0                _header_archivos_abiertos
 .data          0xc80002e0       0x10 obj/fat12.o
                0xc80002e0                _header_floppy_cache
                0xc80002e4                _sectores_cache
 .data          0xc80002f0       0x80 obj/time.o
                0xc8000330                _mes
                0xc8000300                _dias
 .data          0xc8000370       0x10 obj/timer.o
                0xc8000374                _timer_inicio
                0xc8000378                _timer_lock
                0xc8000370                _jiffies
 .data          0xc8000380     0x1a80 obj/error.o
                0xc8000380                _error_types
 .data          0xc8001e00       0x10 obj/event.o
                0xc8001e00                _event_inicio
 .data          0xc8001e10       0x10 obj/spinlock.o
                0xc8001e10                _kernel_lock
                0x00001e20                __data_size = SIZEOF (.data)

.bss            0xc8001e20      0x4a0
 obj/*(.bss)
 .bss           0xc8001e20       0x10 obj/mm.a
 .bss           0xc8001e30       0x10 obj/floppy.a
 .bss           0xc8001e40       0x30 obj/time.o
 COMMON         0xc8001e70       0x10 obj/bootstrap.a
                                  0x0 (size before relaxing)
                0xc8001e70                _exit_addr
 COMMON         0xc8001e80       0x40 obj/mm.a
                                  0x0 (size before relaxing)
                0xc8001e80                __inicio
                0xc8001e90                __fin
                0xc8001ea0                _memoria
                0xc8001eb0                __sp
 COMMON         0xc8001ec0      0x120 obj/syscalls.a
                                  0x0 (size before relaxing)
                0xc8001ec0                _variables
 COMMON         0xc8001fe0       0x70 obj/sched.a
                                  0x0 (size before relaxing)
                0xc8001fe0                _tss
 COMMON         0xc8002050       0x10 obj/int.o
                                  0x0 (size before relaxing)
                0xc8002050                _bufferTeclado
 COMMON         0xc8002060       0x30 obj/floppy.a
                                  0x0 (size before relaxing)
                0xc8002060                _status
 COMMON         0xc8002090      0x230 obj/fat12.o
                                  0x0 (size before relaxing)
                0xc8002090                _buffer
                0xc8002290                _dev_fat
                0xc80022b0                _fat_header
LOAD obj/boot.o
LOAD obj/bootstrap.a
LOAD obj/mm.a
LOAD obj/syscalls.a
LOAD obj/console.a
LOAD obj/sched.a
LOAD obj/signals.a
LOAD obj/inta.o
LOAD obj/int.o
LOAD obj/io.o
LOAD obj/taskdeb.a
LOAD obj/string.o
LOAD obj/pic.o
LOAD obj/floppy.a
LOAD obj/file.o
LOAD obj/libk.o
LOAD obj/stdlib.o
LOAD obj/fat12.o
LOAD obj/time.o
LOAD obj/8254.o
LOAD obj/timer.o
LOAD obj/error.o
LOAD obj/event.o
LOAD obj/spinlock.o
OUTPUT(kernel.bin binary)

.comment        0xc80022c0      0x2bc
 .comment       0xc80022c0       0x28 obj/bootstrap.a
 .comment       0xc80022e8       0x64 obj/mm.a
 .comment       0xc800234c       0x78 obj/syscalls.a
 .comment       0xc80023c4       0x28 obj/console.a
 .comment       0xc80023ec       0x28 obj/sched.a
 .comment       0xc8002414       0x14 obj/signals.a
 .comment       0xc8002428       0x14 obj/int.o
 .comment       0xc800243c       0x14 obj/io.o
 .comment       0xc8002450       0x28 obj/taskdeb.a
 .comment       0xc8002478       0x14 obj/string.o
 .comment       0xc800248c       0x14 obj/pic.o
 .comment       0xc80024a0       0x14 obj/floppy.a
 .comment       0xc80024b4       0x14 obj/file.o
 .comment       0xc80024c8       0x14 obj/libk.o
 .comment       0xc80024dc       0x14 obj/stdlib.o
 .comment       0xc80024f0       0x14 obj/fat12.o
 .comment       0xc8002504       0x14 obj/time.o
 .comment       0xc8002518       0x14 obj/8254.o
 .comment       0xc800252c       0x14 obj/timer.o
 .comment       0xc8002540       0x14 obj/error.o
 .comment       0xc8002554       0x14 obj/event.o
 .comment       0xc8002568       0x14 obj/spinlock.o

Cross Reference Table

Symbol                                            File
_DEBUG_PAGINACION                                 obj/mm.a
_DefaultHandler                                   obj/int.o
                                                  obj/inta.o
_ExcepcionHandler                                 obj/int.o
                                                  obj/inta.o
_Floppy                                           obj/floppy.a
                                                  obj/inta.o
_KERNEL_PDT                                       obj/mm.a
                                                  obj/fat12.o
                                                  obj/syscalls.a
_Keyboard_Controller                              obj/int.o
_Teclado                                          obj/int.o
                                                  obj/inta.o
_TestAndSet                                       obj/spinlock.o
__code_size                                       obj/bootstrap.a
__data_size                                       obj/bootstrap.a
__fin                                             obj/mm.a
__inicio                                          obj/mm.a
__sp                                              obj/mm.a
_actual                                           obj/sched.a
                                                  obj/error.o
                                                  obj/timer.o
                                                  obj/file.o
                                                  obj/taskdeb.a
                                                  obj/console.a
                                                  obj/syscalls.a
                                                  obj/mm.a
_actualizar_eventos                               obj/event.o
                                                  obj/int.o
_actualizar_reloj                                 obj/time.o
                                                  obj/timer.o
_actualizar_timers                                obj/timer.o
_asctime                                          obj/time.o
                                                  obj/taskdeb.a
_atoi                                             obj/stdlib.o
                                                  obj/taskdeb.a
_bisiestos                                        obj/taskdeb.a
_block                                            obj/floppy.a
_buffer                                           obj/fat12.o
_bufferTeclado                                    obj/int.o
                                                  obj/console.a
_clear_busy_bit                                   obj/mm.a
_close                                            obj/file.o
                                                  obj/syscalls.a
_clrscr                                           obj/console.a
                                                  obj/syscalls.a
                                                  obj/bootstrap.a
_contar_memoria                                   obj/mm.a
_convertir_direccion                              obj/mm.a
                                                  obj/syscalls.a
_copy_page                                        obj/mm.a
                                                  obj/syscalls.a
_cursor_caracteristicas                           obj/console.a
_day_of_year                                      obj/time.o
_despertar_task                                   obj/sched.a
                                                  obj/event.o
                                                  obj/timer.o
                                                  obj/signals.a
                                                  obj/syscalls.a
_dev_fat                                          obj/fat12.o
                                                  obj/file.o
                                                  obj/bootstrap.a
_dias                                             obj/time.o
_directorio                                       obj/int.o
_disable_irq                                      obj/pic.o
                                                  obj/floppy.a
_dma_address                                      obj/floppy.a
_dormir_task                                      obj/sched.a
                                                  obj/console.a
                                                  obj/syscalls.a
_dump_states                                      obj/floppy.a
_dump_status_register                             obj/floppy.a
_dump_tm                                          obj/taskdeb.a
_enable_irq                                       obj/pic.o
                                                  obj/floppy.a
                                                  obj/bootstrap.a
_encontrar_proceso_por_pid                        obj/sched.a
                                                  obj/signals.a
                                                  obj/syscalls.a
_endOfInterrupt                                   obj/pic.o
                                                  obj/timer.o
                                                  obj/floppy.a
                                                  obj/int.o
_entrada_de_inicio                                obj/sched.a
                                                  obj/bootstrap.a
_error_types                                      obj/error.o
_es_bisiesto                                      obj/time.o
                                                  obj/taskdeb.a
_estados                                          obj/taskdeb.a
_event_inicio                                     obj/event.o
_excepcion0                                       obj/inta.o
                                                  obj/int.o
_excepcion1                                       obj/inta.o
                                                  obj/int.o
_excepcion10                                      obj/inta.o
                                                  obj/int.o
_excepcion11                                      obj/inta.o
                                                  obj/int.o
_excepcion12                                      obj/inta.o
                                                  obj/int.o
_excepcion13                                      obj/inta.o
                                                  obj/int.o
_excepcion14                                      obj/inta.o
                                                  obj/int.o
_excepcion15                                      obj/inta.o
                                                  obj/int.o
_excepcion16                                      obj/inta.o
                                                  obj/int.o
_excepcion17                                      obj/inta.o
                                                  obj/int.o
_excepcion18                                      obj/inta.o
                                                  obj/int.o
_excepcion19                                      obj/inta.o
                                                  obj/int.o
_excepcion2                                       obj/inta.o
                                                  obj/int.o
_excepcion3                                       obj/inta.o
                                                  obj/int.o
_excepcion4                                       obj/inta.o
                                                  obj/int.o
_excepcion5                                       obj/inta.o
                                                  obj/int.o
_excepcion6                                       obj/inta.o
                                                  obj/int.o
_excepcion7                                       obj/inta.o
                                                  obj/int.o
_excepcion8                                       obj/inta.o
                                                  obj/int.o
_excepcion9                                       obj/inta.o
                                                  obj/int.o
_exec                                             obj/libk.o
                                                  obj/sched.a
_exit_addr                                        obj/syscalls.a
                                                  obj/bootstrap.a
_fat_12                                           obj/fat12.o
_fat_adapta_name                                  obj/fat12.o
_fat_file_find                                    obj/fat12.o
                                                  obj/file.o
_fat_header                                       obj/fat12.o
_fat_next_sector                                  obj/fat12.o
                                                  obj/file.o
_fat_root_dir                                     obj/fat12.o
_fat_test                                         obj/fat12.o
_file_descriptor_actual                           obj/file.o
_find_empty_var                                   obj/syscalls.a
_find_var                                         obj/syscalls.a
_flag_fork                                        obj/sched.a
_floppy_cache                                     obj/fat12.o
                                                  obj/file.o
_floppy_cache_init                                obj/fat12.o
                                                  obj/bootstrap.a
_floppy_calibrado                                 obj/floppy.a
_floppy_get_result                                obj/floppy.a
_floppy_sendbyte                                  obj/floppy.a
_free                                             obj/mm.a
                                                  obj/fat12.o
                                                  obj/file.o
                                                  obj/console.a
                                                  obj/syscalls.a
_get_free_page                                    obj/mm.a
_get_new_pid                                      obj/sched.a
_get_page_index                                   obj/mm.a
                                                  obj/int.o
_get_value                                        obj/time.o
_getascii                                         obj/console.a
_getchar                                          obj/console.a
_gets                                             obj/console.a
                                                  obj/fat12.o
                                                  obj/taskdeb.a
                                                  obj/syscalls.a
_getvar                                           obj/syscalls.a
                                                  obj/mm.a
_gotoxy                                           obj/console.a
_header_archivos_abiertos                         obj/file.o
_header_floppy_cache                              obj/fat12.o
                                                  obj/syscalls.a
_ic_codes                                         obj/floppy.a
_inc_tareas_activas                               obj/sched.a
_inicializacion_kmalloc                           obj/mm.a
                                                  obj/bootstrap.a
_inicializarInterrupciones                        obj/int.o
                                                  obj/bootstrap.a
_inicializarPics                                  obj/pic.o
                                                  obj/bootstrap.a
_inicializarTss                                   obj/sched.a
_inicializar_task                                 obj/sched.a
_init                                             obj/bootstrap.a
                                                  obj/boot.o
_init_8254                                        obj/8254.o
                                                  obj/bootstrap.a
_init_MM                                          obj/mm.a
                                                  obj/bootstrap.a
_init_MM_base                                     obj/mm.a
_init_all_memory                                  obj/mm.a
                                                  obj/bootstrap.a
_init_floppy                                      obj/floppy.a
_init_floppy_DMA                                  obj/floppy.a
_init_floppy_fs                                   obj/fat12.o
                                                  obj/file.o
_init_new_task                                    obj/sched.a
                                                  obj/syscalls.a
_init_time                                        obj/time.o
                                                  obj/bootstrap.a
_init_var                                         obj/syscalls.a
                                                  obj/bootstrap.a
_inportb                                          obj/io.o
                                                  obj/floppy.a
                                                  obj/pic.o
                                                  obj/int.o
_inportb_p                                        obj/io.o
                                                  obj/time.o
_insertar_evento                                  obj/event.o
                                                  obj/console.a
_insertar_tarea                                   obj/sched.a
_insertar_timer                                   obj/timer.o
                                                  obj/syscalls.a
_intDefaultHandler                                obj/inta.o
                                                  obj/int.o
_intFloppy                                        obj/inta.o
                                                  obj/int.o
_intProximaTarea                                  obj/sched.a
                                                  obj/int.o
_intSysCall                                       obj/syscalls.a
                                                  obj/int.o
_intTeclado                                       obj/inta.o
                                                  obj/int.o
_jiffies                                          obj/timer.o
                                                  obj/taskdeb.a
_kernel_lock                                      obj/spinlock.o
_kfree_page                                       obj/mm.a
                                                  obj/sched.a
                                                  obj/syscalls.a
_kmain                                            obj/bootstrap.a
_kmalloc_page                                     obj/mm.a
                                                  obj/fat12.o
                                                  obj/int.o
                                                  obj/sched.a
                                                  obj/bootstrap.a
_kmalloc_page_start                               obj/mm.a
_kmapmem                                          obj/mm.a
                                                  obj/fat12.o
                                                  obj/syscalls.a
_kmem_free                                        obj/mm.a
                                                  obj/syscalls.a
_kpanic                                           obj/error.o
_kprintf                                          obj/console.a
                                                  obj/error.o
                                                  obj/8254.o
                                                  obj/time.o
                                                  obj/fat12.o
                                                  obj/file.o
                                                  obj/floppy.a
                                                  obj/taskdeb.a
                                                  obj/int.o
                                                  obj/signals.a
                                                  obj/sched.a
                                                  obj/syscalls.a
                                                  obj/mm.a
                                                  obj/bootstrap.a
_kunmapmem                                        obj/mm.a
                                                  obj/syscalls.a
_leer_escribir                                    obj/floppy.a
                                                  obj/fat12.o
_leer_sec                                         obj/floppy.a
_levantar_fat                                     obj/fat12.o
_lgdt                                             obj/mm.a
_lidt                                             obj/mm.a
_local                                            obj/taskdeb.a
_localtime                                        obj/time.o
                                                  obj/taskdeb.a
_lseek                                            obj/file.o
                                                  obj/syscalls.a
_make_descriptor                                  obj/mm.a
_make_int_gate                                    obj/mm.a
                                                  obj/int.o
_make_pde                                         obj/mm.a
                                                  obj/int.o
_make_pdt                                         obj/mm.a
                                                  obj/sched.a
_make_pte                                         obj/mm.a
                                                  obj/int.o
_make_task_gate                                   obj/mm.a
_make_trap_gate                                   obj/mm.a
                                                  obj/int.o
_malloc                                           obj/mm.a
                                                  obj/fat12.o
                                                  obj/file.o
                                                  obj/console.a
                                                  obj/syscalls.a
_mascarasPics                                     obj/pic.o
                                                  obj/bootstrap.a
_memcmp                                           obj/string.o
_memcpy                                           obj/string.o
                                                  obj/fat12.o
                                                  obj/file.o
                                                  obj/syscalls.a
_memoria                                          obj/mm.a
                                                  obj/bootstrap.a
_memset                                           obj/string.o
_mes                                              obj/time.o
_mktime                                           obj/time.o
                                                  obj/taskdeb.a
_morecore                                         obj/mm.a
_morecores                                        obj/mm.a
                                                  obj/syscalls.a
_motor_off                                        obj/floppy.a
_motor_on                                         obj/floppy.a
_motor_status                                     obj/floppy.a
_nextpos                                          obj/console.a
_open                                             obj/file.o
                                                  obj/syscalls.a
_open_FAT12                                       obj/file.o
_outportb                                         obj/io.o
                                                  obj/8254.o
                                                  obj/floppy.a
                                                  obj/pic.o
_outportb_p                                       obj/io.o
                                                  obj/time.o
_perror                                           obj/error.o
                                                  obj/sched.a
                                                  obj/syscalls.a
_pos                                              obj/console.a
_print_fat_info                                   obj/fat12.o
_print_free_pages                                 obj/mm.a
_printn                                           obj/console.a
_ps                                               obj/taskdeb.a
_ptrbufferTeclado                                 obj/int.o
                                                  obj/console.a
_putchar                                          obj/console.a
                                                  obj/fat12.o
                                                  obj/syscalls.a
_puts                                             obj/console.a
                                                  obj/8254.o
                                                  obj/floppy.a
                                                  obj/mm.a
                                                  obj/bootstrap.a
_read                                             obj/file.o
                                                  obj/syscalls.a
_read_msr                                         obj/floppy.a
_read_sector                                      obj/floppy.a
_read_sector_id                                   obj/floppy.a
_recalibrate                                      obj/floppy.a
_remover_evento                                   obj/event.o
                                                  obj/console.a
_remover_timer                                    obj/timer.o
                                                  obj/syscalls.a
_scheduler                                        obj/sched.a
                                                  obj/timer.o
_scroll_up                                        obj/console.a
_sectores_cache                                   obj/fat12.o
_seek                                             obj/floppy.a
_set_dor                                          obj/floppy.a
_set_value                                        obj/time.o
_setvar                                           obj/syscalls.a
_spin_lock                                        obj/spinlock.o
                                                  obj/syscalls.a
_spin_unlock                                      obj/spinlock.o
                                                  obj/syscalls.a
_start                                            obj/boot.o
_start_scheduler                                  obj/sched.a
                                                  obj/bootstrap.a
_status                                           obj/floppy.a
_str_dir_len                                      obj/fat12.o
_str_to_lower                                     obj/string.o
                                                  obj/sched.a
_str_to_upper                                     obj/string.o
                                                  obj/fat12.o
_strcmp                                           obj/string.o
                                                  obj/fat12.o
                                                  obj/taskdeb.a
                                                  obj/syscalls.a
_strcpy                                           obj/string.o
                                                  obj/fat12.o
                                                  obj/sched.a
_strlen                                           obj/string.o
                                                  obj/stdlib.o
                                                  obj/sched.a
                                                  obj/syscalls.a
_strncpy                                          obj/string.o
                                                  obj/fat12.o
                                                  obj/syscalls.a
_switch_to_kernel_mode                            obj/sched.a
                                                  obj/int.o
_sys_clrscr                                       obj/syscalls.a
_sys_console                                      obj/syscalls.a
_sys_exec                                         obj/syscalls.a
_sys_exit                                         obj/syscalls.a
_sys_fork                                         obj/syscalls.a
_sys_free_mem                                     obj/syscalls.a
_sys_free_page                                    obj/syscalls.a
_sys_get_pid                                      obj/syscalls.a
_sys_get_ppid                                     obj/syscalls.a
_sys_gets                                         obj/syscalls.a
_sys_getvar                                       obj/syscalls.a
_sys_kill                                         obj/signals.a
                                                  obj/syscalls.a
_sys_malloc_page                                  obj/syscalls.a
_sys_mem                                          obj/syscalls.a
_sys_misc                                         obj/syscalls.a
_sys_no_existe                                    obj/syscalls.a
_sys_perror                                       obj/syscalls.a
_sys_print                                        obj/syscalls.a
_sys_proc_dump                                    obj/syscalls.a
_sys_proc_dump_v                                  obj/syscalls.a
_sys_process                                      obj/syscalls.a
_sys_renice                                       obj/syscalls.a
_sys_setvar                                       obj/syscalls.a
_sys_show                                         obj/syscalls.a
_sys_sleep                                        obj/syscalls.a
_sys_timer                                        obj/syscalls.a
_sys_usleep                                       obj/syscalls.a
_sys_void                                         obj/syscalls.a
_syscall                                          obj/inta.o
                                                  obj/syscalls.a
_syscall_console                                  obj/syscalls.a
_syscall_group_max                                obj/syscalls.a
_syscall_group_vector                             obj/syscalls.a
_syscall_mem                                      obj/syscalls.a
_syscall_misc                                     obj/syscalls.a
_syscall_process                                  obj/syscalls.a
_syscall_timer                                    obj/syscalls.a
_tarea_init                                       obj/sched.a
_tareas_inicio                                    obj/sched.a
                                                  obj/taskdeb.a
                                                  obj/syscalls.a
_task_debug                                       obj/taskdeb.a
_time_debug                                       obj/taskdeb.a
_timer_inicio                                     obj/timer.o
_timer_lock                                       obj/timer.o
_timertick_handler                                obj/timer.o
                                                  obj/sched.a
_tolower                                          obj/string.o
_tomar_nombre_tarea                               obj/sched.a
                                                  obj/syscalls.a
_toupper                                          obj/string.o
_tss                                              obj/sched.a
                                                  obj/mm.a
_ufree_page                                       obj/mm.a
                                                  obj/syscalls.a
_umalloc_page                                     obj/mm.a
                                                  obj/syscalls.a
_variables                                        obj/syscalls.a
