
Allocating common symbols
Common symbol       size              file

_num_lock           0x10              obj/console.a
_buff_consola       0x30              obj/console.a
_tss                0x70              obj/sched.a
__inicio            0x10              obj/mm.a
_scr_lock           0x10              obj/console.a
_buffer             0x200             obj/fat12.o
_dev_fat            0x20              obj/fat12.o
_buff_teclado       0x20              obj/console.a
_zombie_header      0x10              obj/syscalls.a
__fin               0x10              obj/mm.a
_exit_addr          0x10              obj/bootstrap.a
_fat_header         0x10              obj/fat12.o
_variables          0xf0              obj/syscalls.a
_caps_lock          0x10              obj/console.a
_memoria            0x10              obj/mm.a
__sp                0x10              obj/mm.a

Memory Configuration

Name             Origin             Length             Attributes
*default*        0x00000000         0xffffffff

Linker script and memory map


.text           0xc0000000     0x9290
 obj/boot.o(.text)
 .text          0xc0000000       0x10 obj/boot.o
                0xc0000000                _start
 obj/*.o(.text)
 .text          0xc0000010      0x190 obj/inta.o
                0xc0000021                _excepcion1
                0xc0000087                _excepcion7
                0xc0000076                _excepcion6
                0xc0000043                _excepcion3
                0xc0000131                _excepcion17
                0xc00000cb                _excepcion11
                0xc000018c                _intFloppy
                0xc0000153                _excepcion19
                0xc0000010                _excepcion0
                0xc0000054                _excepcion4
                0xc0000164                _intDefaultHandler
                0xc0000032                _excepcion2
                0xc0000065                _excepcion5
                0xc00000ed                _excepcion13
                0xc000010f                _excepcion15
                0xc0000120                _excepcion16
                0xc00000a9                _excepcion9
                0xc0000142                _excepcion18
                0xc0000178                _intTeclado
                0xc00000ba                _excepcion10
                0xc00000fe                _excepcion14
                0xc00000dc                _excepcion12
                0xc0000098                _excepcion8
 .text          0xc00001a0      0x700 obj/int.o
                0xc00001a0                _DefaultHandler
                0xc00004c7                _inicializarInterrupciones
                0xc000038c                _ExcepcionHandler
 .text          0xc00008a0       0x80 obj/io.o
                0xc00008fc                _outportb_p
                0xc00008dc                _inportb_p
                0xc00008bf                _outportb
                0xc00008a0                _inportb
 .text          0xc0000920      0x250 obj/string.o
                0xc0000920                _strcmp
                0xc0000a54                _str_to_lower
                0xc0000aa7                _toupper
                0xc00009df                _strncpy
                0xc0000b11                _memcpy
                0xc0000b2f                _memset
                0xc0000a8f                _tolower
                0xc0000a19                _str_to_upper
                0xc00009b0                _strcpy
                0xc0000abf                _memcmp
                0xc0000983                _strlen
 .text          0xc0000b70      0x1f0 obj/pic.o
                0xc0000b70                _inicializarPics
                0xc0000c80                _endOfInterrupt
                0xc0000c3d                _mascarasPics
                0xc0000c97                _enable_irq
                0xc0000cfa                _disable_irq
 .text          0xc0000d60      0x530 obj/file.o
                0xc0000d60                _open
                0xc0000e6c                _open_FAT12
                0xc0000f9e                _lseek
                0xc000115b                _read
                0xc0001105                _close
 .text          0xc0001290      0x270 obj/libk.o
                0xc0001290                _exec
                0xc000147e                _printn
                0xc00014d9                _getascii_video
                0xc00012ad                _kprintf
 .text          0xc0001500       0x70 obj/stdlib.o
                0xc0001500                _atoi
 .text          0xc0001570      0xf60 obj/fat12.o
                0xc0001ac0                _str_dir_len
                0xc00016fb                _levantar_fat
                0xc00021a3                _fat_root_dir
                0xc0001943                _fat_adapta_name
                0xc0001cda                _floppy_cache_init
                0xc0001588                _fat_12
                0xc0002320                _fat_test
                0xc00019df                _fat_next_sector
                0xc0002012                _print_fat_info
                0xc0001b1a                _fat_file_find
                0xc0001d17                _floppy_cache
                0xc00018fe                _init_floppy_fs
 .text          0xc00024d0      0x880 obj/time.o
                0xc0002a9a                _day_of_year
                0xc0002af6                _mktime
                0xc0002c39                _es_bisiesto
                0xc00024d0                _get_value
                0xc000277d                _actualizar_reloj
                0xc0002804                _localtime
                0xc0002cf3                _asctime
                0xc0002507                _set_value
                0xc000255c                _init_time
 .text          0xc0002d50      0x180 obj/8254.o
                0xc0002e25                _init_8254
 .text          0xc0002ed0      0x1d0 obj/timer.o
                0xc0002f52                _actualizar_timers
                0xc0002ed0                _timertick_handler
                0xc0002fab                _insertar_timer
                0xc0003022                _remover_timer
 .text          0xc00030a0       0xb0 obj/error.o
                0xc00030a8                _perror
                0xc0003115                _kpanic
 .text          0xc0003150      0x130 obj/event.o
                0xc0003150                _insertar_evento
                0xc00031bd                _remover_evento
                0xc000322f                _actualizar_eventos
 .text          0xc0003280      0x110 obj/atomic.o
                0xc00032a4                _atomic_asign
                0xc0003280                _atomic_inc
                0xc00032b9                _atomic_add
                0xc0003357                _spin_unlock
                0xc00032ef                _TestAndSet
                0xc0003292                _atomic_dec
                0xc000330e                _spin_lock
                0xc00032d3                _atomic_sub
 obj/*.a(.text)
 .text          0xc0003390      0x3f0 obj/bootstrap.a
                0xc0003390                _init
                0xc0003585                _kmain
 .text          0xc0003780     0x13e0 obj/mm.a
                0xc000385e                _morecore
                0xc00038ab                _free
                0xc00044ed                _convertir_direccion
                0xc0003980                _init_MM_base
                0xc0003ee7                _make_int_gate
                0xc00046ce                _kmapmem
                0xc0004285                _inicializacion_kmalloc
                0xc0004aeb                _make_pdt
                0xc0004b27                _copy_page
                0xc00044c0                _get_page_index
                0xc0004037                _kfree_page
                0xc0003e80                _make_descriptor
                0xc00040f6                _get_free_page
                0xc0004985                _kunmapmem
                0xc00043b2                _kmem_free
                0xc000454b                _make_pde
                0xc0003f42                _make_trap_gate
                0xc0003f9d                _make_task_gate
                0xc0003dc5                _init_all_memory
                0xc0004576                _make_pte
                0xc0003fd5                _clear_busy_bit
                0xc0003780                _malloc
                0xc0003d6a                _contar_memoria
                0xc00043c7                _umalloc_page
                0xc0004177                _print_free_pages
                0xc000446e                _ufree_page
                0xc0003d28                _init_MM
                0xc0003ff4                _lidt
                0xc000409a                _kmalloc_page
                0xc0004000                _kmalloc_page_start
                0xc0003fe9                _lgdt
 .text          0xc0004b60     0x2320 obj/syscalls.a
                0xc0004dad                _sys_free_page
                0xc0005c39                _sys_get_ppid
                0xc0006b62                _sys_getvar
                0xc0006440                _sys_print
                0xc0005c26                _sys_get_pid
                0xc00064ee                _sys_clrscr
                0xc0004c55                _sys_mem
                0xc0006c5d                _setvar
                0xc0006e16                _find_empty_var
                0xc0005c4f                _sys_exit
                0xc0006691                _sys_proc_dump
                0xc0006b00                _init_var
                0xc0006d79                _getvar
                0xc0005b85                _sys_perror
                0xc0006dba                _find_var
                0xc0004c44                _sys_timer
                0xc0005262                _sys_exec
                0xc0004c22                _sys_process
                0xc0004dc5                _sys_free_mem
                0xc0006553                _sys_usleep
                0xc00064b1                _sys_gets
                0xc0005f69                _sys_exit_notify
                0xc0004c33                _sys_console
                0xc0004df5                _sys_void
                0xc0004cba                _sys_malloc_page
                0xc0004e44                _sys_fork
                0xc000651f                _sys_sleep
                0xc0004c66                _sys_misc
                0xc0004b8a                _sys_no_existe
                0xc0006868                _sys_proc_dump_v
                0xc0005d46                _sys_exit_mm
                0xc0004be0                _intSysCall
                0xc0006303                _sys_show
                0xc0005bb4                _sys_renice
                0xc0006080                _sys_wait
                0xc0006b35                _sys_setvar
                0xc0006a6f                _sys_timer_dump
 .text          0xc0006e80      0x5a0 obj/console.a
                0xc0006fbd                __getascii
                0xc00071b0                _putchar
                0xc00072a8                _puts
                0xc0007101                _gets
                0xc00070b6                _getchar
                0xc0006e80                _Teclado
                0xc0006fe2                _getascii
                0xc0006f14                _leer_buff_teclado
                0xc0007352                _scroll_up
                0xc00072e0                _nextpos
                0xc00073cc                _gotoxy
                0xc000730c                _clrscr
 .text          0xc0007420      0x700 obj/sched.a
                0xc0007950                _entrada_de_inicio
                0xc0007420                _inicializarTss
                0xc00075d9                _inc_tareas_activas
                0xc00077c1                _insertar_tarea
                0xc0007631                _despertar_task
                0xc00079f5                _start_scheduler
                0xc00075c2                _get_new_pid
                0xc0007acf                _scheduler
                0xc0007a92                _tarea_init
                0xc0007920                _switch_to_kernel_mode
                0xc000786b                _tomar_nombre_tarea
                0xc00074b3                _inicializar_task
                0xc0007831                _encontrar_proceso_por_pid
                0xc0007670                _init_new_task
                0xc0007985                _intProximaTarea
                0xc00075e4                _dormir_task
                0xc00078cf                _remover_task
 .text          0xc0007b20       0x90 obj/signals.a
                0xc0007b3a                _sys_kill
 .text          0xc0007bb0      0x680 obj/taskdeb.a
                0xc000816b                _ps
                0xc0007e0c                _dump_tm
                0xc0007f35                _local
                0xc0007ea0                _bisiestos
                0xc0007c07                _time_debug
                0xc0008066                _task_debug
 .text          0xc0008230     0x1060 obj/floppy.a
                0xc0008a46                _leer_escribir
                0xc0008513                _recalibrate
                0xc0008f2a                _dump_status_register
                0xc0008934                _init_floppy_DMA
                0xc000925d                _Floppy
                0xc0008bf3                _dump_states
                0xc0008735                _read_sector
                0xc00083be                _init_floppy
                0xc00088db                _block
                0xc0008323                _floppy_get_result
                0xc000866d                _seek
                0xc00085c4                _read_sector_id
                0xc0008263                _motor_off
                0xc0008230                _motor_on
                0xc00088bc                _read_msr
                0xc000828b                _set_dor
                0xc00082b3                _floppy_sendbyte
                0xc0008b66                _leer_sec
                0x00009290                __code_size = SIZEOF (.text)

.data           0xc8000000     0x20d0 load address 0xc0009290
 obj/*(.data)
 .data          0xc8000000       0x30 obj/mm.a
                0xc8000010                _KERNEL_PDT
                0xc8000020                _DEBUG_PAGINACION
                0xc8000004                _morecores
 .data          0xc8000030      0x1c0 obj/syscalls.a
                0xc8000170                _syscall_timer
                0xc80000f0                _syscall_process
                0xc80000b0                _syscall_mem
                0xc8000118                _zombie_queue_len
                0xc80001b0                _syscall_misc
                0xc8000070                _syscall_group_max
                0xc8000130                _syscall_console
                0xc8000030                _syscall_group_vector
 .data          0xc80001f0      0x330 obj/console.a
                0xc8000514                _cursor_caracteristicas
                0xc80004e3                _alt
                0xc8000370                _keymap_std_shift
                0xc80004ec                _consola_tail
                0xc80004d4                _keymap
                0xc80004f0                _consola_cant
                0xc80004e2                _shift
                0xc80004e8                _consola_head
                0xc80004e0                _buff_cant
                0xc80004d8                _buff_head
                0xc80004e4                _ctrl
                0xc8000510                _pos
                0xc80004dc                _buff_tail
                0xc80001f0                _keymap_std
 .data          0xc8000520       0x20 obj/sched.a
                0xc8000530                _tareas_inicio
                0xc8000534                _actual
 .data          0xc8000540       0x10 obj/int.o
                0xc8000540                _directorio
 .data          0xc8000550       0x10 obj/taskdeb.a
                0xc8000550                _estados
 .data          0xc8000560       0x20 obj/floppy.a
                0xc8000564                _dma_address
 .data          0xc8000580       0x10 obj/file.o
                0xc8000584                _file_descriptor_actual
                0xc8000580                _header_archivos_abiertos
 .data          0xc8000590       0x10 obj/fat12.o
                0xc8000590                _header_floppy_cache
                0xc8000594                _sectores_cache
 .data          0xc80005a0       0x80 obj/time.o
                0xc80005e0                _mes
                0xc80005b0                _dias
 .data          0xc8000620       0x10 obj/timer.o
                0xc8000624                _timer_inicio
                0xc8000628                _timer_lock
                0xc8000620                _jiffies
 .data          0xc8000630     0x1a80 obj/error.o
                0xc8000630                _error_types
 .data          0xc80020b0       0x10 obj/event.o
                0xc80020b0                _event_inicio
 .data          0xc80020c0       0x10 obj/atomic.o
                0xc80020c0                _kernel_lock
                0x000020d0                __data_size = SIZEOF (.data)

.bss            0xc80020d0      0x4f0
 obj/*(.bss)
 .bss           0xc80020d0       0x10 obj/mm.a
 .bss           0xc80020e0       0x40 obj/floppy.a
 .bss           0xc8002120       0x30 obj/time.o
 COMMON         0xc8002150       0x10 obj/bootstrap.a
                                  0x0 (size before relaxing)
                0xc8002150                _exit_addr
 COMMON         0xc8002160       0x40 obj/mm.a
                                  0x0 (size before relaxing)
                0xc8002160                __inicio
                0xc8002170                __fin
                0xc8002180                _memoria
                0xc8002190                __sp
 COMMON         0xc80021a0      0x100 obj/syscalls.a
                                  0x0 (size before relaxing)
                0xc80021a0                _zombie_header
                0xc80021b0                _variables
 COMMON         0xc80022a0       0x80 obj/console.a
                                  0x0 (size before relaxing)
                0xc80022a0                _num_lock
                0xc80022b0                _buff_consola
                0xc80022e0                _scr_lock
                0xc80022f0                _buff_teclado
                0xc8002310                _caps_lock
 COMMON         0xc8002320       0x70 obj/sched.a
                                  0x0 (size before relaxing)
                0xc8002320                _tss
 COMMON         0xc8002390      0x230 obj/fat12.o
                                  0x0 (size before relaxing)
                0xc8002390                _buffer
                0xc8002590                _dev_fat
                0xc80025b0                _fat_header
LOAD obj/boot.o
LOAD obj/bootstrap.a
LOAD obj/mm.a
LOAD obj/syscalls.a
LOAD obj/console.a
LOAD obj/sched.a
LOAD obj/signals.a
LOAD obj/inta.o
LOAD obj/int.o
LOAD obj/io.o
LOAD obj/taskdeb.a
LOAD obj/string.o
LOAD obj/pic.o
LOAD obj/floppy.a
LOAD obj/file.o
LOAD obj/libk.o
LOAD obj/stdlib.o
LOAD obj/fat12.o
LOAD obj/time.o
LOAD obj/8254.o
LOAD obj/timer.o
LOAD obj/error.o
LOAD obj/event.o
LOAD obj/atomic.o
OUTPUT(kernel.bin binary)

.comment        0xc80025c0      0x2bc
 .comment       0xc80025c0       0x28 obj/bootstrap.a
 .comment       0xc80025e8       0x64 obj/mm.a
 .comment       0xc800264c       0x78 obj/syscalls.a
 .comment       0xc80026c4       0x28 obj/console.a
 .comment       0xc80026ec       0x28 obj/sched.a
 .comment       0xc8002714       0x14 obj/signals.a
 .comment       0xc8002728       0x14 obj/int.o
 .comment       0xc800273c       0x14 obj/io.o
 .comment       0xc8002750       0x28 obj/taskdeb.a
 .comment       0xc8002778       0x14 obj/string.o
 .comment       0xc800278c       0x14 obj/pic.o
 .comment       0xc80027a0       0x14 obj/floppy.a
 .comment       0xc80027b4       0x14 obj/file.o
 .comment       0xc80027c8       0x14 obj/libk.o
 .comment       0xc80027dc       0x14 obj/stdlib.o
 .comment       0xc80027f0       0x14 obj/fat12.o
 .comment       0xc8002804       0x14 obj/time.o
 .comment       0xc8002818       0x14 obj/8254.o
 .comment       0xc800282c       0x14 obj/timer.o
 .comment       0xc8002840       0x14 obj/error.o
 .comment       0xc8002854       0x14 obj/event.o
 .comment       0xc8002868       0x14 obj/atomic.o

Cross Reference Table

Symbol                                            File
_DEBUG_PAGINACION                                 obj/mm.a
_DefaultHandler                                   obj/int.o
                                                  obj/inta.o
_ExcepcionHandler                                 obj/int.o
                                                  obj/inta.o
_Floppy                                           obj/floppy.a
                                                  obj/inta.o
_KERNEL_PDT                                       obj/mm.a
                                                  obj/fat12.o
                                                  obj/syscalls.a
_Teclado                                          obj/console.a
                                                  obj/inta.o
_TestAndSet                                       obj/atomic.o
__code_size                                       obj/bootstrap.a
__data_size                                       obj/bootstrap.a
__fin                                             obj/mm.a
__getascii                                        obj/console.a
__inicio                                          obj/mm.a
__sp                                              obj/mm.a
_actual                                           obj/sched.a
                                                  obj/error.o
                                                  obj/timer.o
                                                  obj/file.o
                                                  obj/taskdeb.a
                                                  obj/syscalls.a
                                                  obj/mm.a
_actualizar_eventos                               obj/event.o
_actualizar_reloj                                 obj/time.o
                                                  obj/timer.o
_actualizar_timers                                obj/timer.o
_alt                                              obj/console.a
_asctime                                          obj/time.o
                                                  obj/taskdeb.a
_atoi                                             obj/stdlib.o
                                                  obj/taskdeb.a
_atomic_add                                       obj/atomic.o
_atomic_asign                                     obj/atomic.o
_atomic_dec                                       obj/atomic.o
_atomic_inc                                       obj/atomic.o
_atomic_sub                                       obj/atomic.o
_bisiestos                                        obj/taskdeb.a
_block                                            obj/floppy.a
_buff_cant                                        obj/console.a
_buff_consola                                     obj/console.a
_buff_head                                        obj/console.a
_buff_tail                                        obj/console.a
_buff_teclado                                     obj/console.a
_buffer                                           obj/fat12.o
_caps_lock                                        obj/console.a
_clear_busy_bit                                   obj/mm.a
_close                                            obj/file.o
                                                  obj/syscalls.a
_clrscr                                           obj/console.a
                                                  obj/syscalls.a
                                                  obj/bootstrap.a
_consola_cant                                     obj/console.a
_consola_head                                     obj/console.a
_consola_tail                                     obj/console.a
_contar_memoria                                   obj/mm.a
_convertir_direccion                              obj/mm.a
                                                  obj/syscalls.a
_copy_page                                        obj/mm.a
                                                  obj/syscalls.a
_ctrl                                             obj/console.a
_cursor_caracteristicas                           obj/console.a
_day_of_year                                      obj/time.o
_despertar_task                                   obj/sched.a
                                                  obj/event.o
                                                  obj/signals.a
                                                  obj/syscalls.a
_dev_fat                                          obj/fat12.o
                                                  obj/file.o
                                                  obj/bootstrap.a
_dias                                             obj/time.o
_directorio                                       obj/int.o
_disable_irq                                      obj/pic.o
                                                  obj/floppy.a
_dma_address                                      obj/floppy.a
_dormir_task                                      obj/sched.a
                                                  obj/syscalls.a
_dump_states                                      obj/floppy.a
_dump_status_register                             obj/floppy.a
_dump_tm                                          obj/taskdeb.a
_enable_irq                                       obj/pic.o
                                                  obj/floppy.a
                                                  obj/bootstrap.a
_encontrar_proceso_por_pid                        obj/sched.a
                                                  obj/signals.a
                                                  obj/syscalls.a
_endOfInterrupt                                   obj/pic.o
                                                  obj/timer.o
                                                  obj/floppy.a
                                                  obj/int.o
                                                  obj/console.a
_entrada_de_inicio                                obj/sched.a
                                                  obj/bootstrap.a
_error_types                                      obj/error.o
_es_bisiesto                                      obj/time.o
                                                  obj/taskdeb.a
_estados                                          obj/taskdeb.a
_event_inicio                                     obj/event.o
_excepcion0                                       obj/inta.o
                                                  obj/int.o
_excepcion1                                       obj/inta.o
                                                  obj/int.o
_excepcion10                                      obj/inta.o
                                                  obj/int.o
_excepcion11                                      obj/inta.o
                                                  obj/int.o
_excepcion12                                      obj/inta.o
                                                  obj/int.o
_excepcion13                                      obj/inta.o
                                                  obj/int.o
_excepcion14                                      obj/inta.o
                                                  obj/int.o
_excepcion15                                      obj/inta.o
                                                  obj/int.o
_excepcion16                                      obj/inta.o
                                                  obj/int.o
_excepcion17                                      obj/inta.o
                                                  obj/int.o
_excepcion18                                      obj/inta.o
                                                  obj/int.o
_excepcion19                                      obj/inta.o
                                                  obj/int.o
_excepcion2                                       obj/inta.o
                                                  obj/int.o
_excepcion3                                       obj/inta.o
                                                  obj/int.o
_excepcion4                                       obj/inta.o
                                                  obj/int.o
_excepcion5                                       obj/inta.o
                                                  obj/int.o
_excepcion6                                       obj/inta.o
                                                  obj/int.o
_excepcion7                                       obj/inta.o
                                                  obj/int.o
_excepcion8                                       obj/inta.o
                                                  obj/int.o
_excepcion9                                       obj/inta.o
                                                  obj/int.o
_exec                                             obj/libk.o
                                                  obj/sched.a
_exit_addr                                        obj/syscalls.a
                                                  obj/bootstrap.a
_fat_12                                           obj/fat12.o
_fat_adapta_name                                  obj/fat12.o
_fat_file_find                                    obj/fat12.o
                                                  obj/file.o
_fat_header                                       obj/fat12.o
_fat_next_sector                                  obj/fat12.o
                                                  obj/file.o
_fat_root_dir                                     obj/fat12.o
_fat_test                                         obj/fat12.o
_file_descriptor_actual                           obj/file.o
_find_empty_var                                   obj/syscalls.a
_find_var                                         obj/syscalls.a
_flag_fork                                        obj/sched.a
_floppy_cache                                     obj/fat12.o
                                                  obj/file.o
_floppy_cache_init                                obj/fat12.o
                                                  obj/bootstrap.a
_floppy_get_result                                obj/floppy.a
_floppy_sendbyte                                  obj/floppy.a
_free                                             obj/mm.a
                                                  obj/fat12.o
                                                  obj/file.o
                                                  obj/syscalls.a
_get_free_page                                    obj/mm.a
_get_new_pid                                      obj/sched.a
                                                  obj/syscalls.a
_get_page_index                                   obj/mm.a
                                                  obj/int.o
_get_value                                        obj/time.o
_getascii                                         obj/console.a
_getascii_video                                   obj/libk.o
_getchar                                          obj/console.a
_gets                                             obj/console.a
                                                  obj/fat12.o
                                                  obj/taskdeb.a
                                                  obj/syscalls.a
_getvar                                           obj/syscalls.a
                                                  obj/mm.a
_gotoxy                                           obj/console.a
_header_archivos_abiertos                         obj/file.o
_header_floppy_cache                              obj/fat12.o
                                                  obj/syscalls.a
_inc_tareas_activas                               obj/sched.a
_inicializacion_kmalloc                           obj/mm.a
                                                  obj/bootstrap.a
_inicializarInterrupciones                        obj/int.o
                                                  obj/bootstrap.a
_inicializarPics                                  obj/pic.o
                                                  obj/bootstrap.a
_inicializarTss                                   obj/sched.a
_inicializar_task                                 obj/sched.a
_init                                             obj/bootstrap.a
                                                  obj/boot.o
_init_8254                                        obj/8254.o
                                                  obj/bootstrap.a
_init_MM                                          obj/mm.a
                                                  obj/bootstrap.a
_init_MM_base                                     obj/mm.a
_init_all_memory                                  obj/mm.a
                                                  obj/bootstrap.a
_init_floppy                                      obj/floppy.a
_init_floppy_DMA                                  obj/floppy.a
_init_floppy_fs                                   obj/fat12.o
                                                  obj/file.o
_init_new_task                                    obj/sched.a
                                                  obj/syscalls.a
_init_time                                        obj/time.o
                                                  obj/bootstrap.a
_init_var                                         obj/syscalls.a
                                                  obj/bootstrap.a
_inportb                                          obj/io.o
                                                  obj/floppy.a
                                                  obj/pic.o
                                                  obj/console.a
_inportb_p                                        obj/io.o
                                                  obj/time.o
_insertar_evento                                  obj/event.o
_insertar_tarea                                   obj/sched.a
_insertar_timer                                   obj/timer.o
                                                  obj/syscalls.a
_intDefaultHandler                                obj/inta.o
                                                  obj/int.o
_intFloppy                                        obj/inta.o
                                                  obj/int.o
_intProximaTarea                                  obj/sched.a
                                                  obj/int.o
_intSysCall                                       obj/syscalls.a
                                                  obj/int.o
_intTeclado                                       obj/inta.o
                                                  obj/int.o
_jiffies                                          obj/timer.o
                                                  obj/taskdeb.a
_kernel_lock                                      obj/atomic.o
_keymap                                           obj/console.a
_keymap_std                                       obj/console.a
_keymap_std_shift                                 obj/console.a
_kfree_page                                       obj/mm.a
                                                  obj/sched.a
                                                  obj/syscalls.a
_kmain                                            obj/bootstrap.a
_kmalloc_page                                     obj/mm.a
                                                  obj/fat12.o
                                                  obj/int.o
                                                  obj/sched.a
                                                  obj/bootstrap.a
_kmalloc_page_start                               obj/mm.a
_kmapmem                                          obj/mm.a
                                                  obj/fat12.o
                                                  obj/syscalls.a
_kmem_free                                        obj/mm.a
                                                  obj/syscalls.a
_kpanic                                           obj/error.o
                                                  obj/syscalls.a
_kprintf                                          obj/libk.o
                                                  obj/error.o
                                                  obj/8254.o
                                                  obj/time.o
                                                  obj/fat12.o
                                                  obj/file.o
                                                  obj/floppy.a
                                                  obj/taskdeb.a
                                                  obj/int.o
                                                  obj/signals.a
                                                  obj/sched.a
                                                  obj/syscalls.a
                                                  obj/mm.a
                                                  obj/bootstrap.a
_kunmapmem                                        obj/mm.a
                                                  obj/syscalls.a
_leer_buff_teclado                                obj/console.a
                                                  obj/sched.a
_leer_escribir                                    obj/floppy.a
                                                  obj/fat12.o
_leer_sec                                         obj/floppy.a
_levantar_fat                                     obj/fat12.o
_lgdt                                             obj/mm.a
_lidt                                             obj/mm.a
_local                                            obj/taskdeb.a
_localtime                                        obj/time.o
                                                  obj/taskdeb.a
_lseek                                            obj/file.o
                                                  obj/syscalls.a
_make_descriptor                                  obj/mm.a
_make_int_gate                                    obj/mm.a
                                                  obj/int.o
_make_pde                                         obj/mm.a
                                                  obj/int.o
_make_pdt                                         obj/mm.a
                                                  obj/sched.a
_make_pte                                         obj/mm.a
                                                  obj/int.o
_make_task_gate                                   obj/mm.a
_make_trap_gate                                   obj/mm.a
                                                  obj/int.o
_malloc                                           obj/mm.a
                                                  obj/fat12.o
                                                  obj/file.o
                                                  obj/syscalls.a
_mascarasPics                                     obj/pic.o
                                                  obj/bootstrap.a
_memcmp                                           obj/string.o
_memcpy                                           obj/string.o
                                                  obj/fat12.o
                                                  obj/file.o
                                                  obj/syscalls.a
_memoria                                          obj/mm.a
                                                  obj/bootstrap.a
_memset                                           obj/string.o
_mes                                              obj/time.o
_mktime                                           obj/time.o
                                                  obj/taskdeb.a
_morecore                                         obj/mm.a
_morecores                                        obj/mm.a
                                                  obj/syscalls.a
_motor_off                                        obj/floppy.a
_motor_on                                         obj/floppy.a
_nextpos                                          obj/console.a
_num_lock                                         obj/console.a
_open                                             obj/file.o
                                                  obj/syscalls.a
_open_FAT12                                       obj/file.o
_outportb                                         obj/io.o
                                                  obj/8254.o
                                                  obj/floppy.a
                                                  obj/pic.o
_outportb_p                                       obj/io.o
                                                  obj/time.o
_perror                                           obj/error.o
                                                  obj/sched.a
                                                  obj/syscalls.a
_pos                                              obj/console.a
_print_fat_info                                   obj/fat12.o
_print_free_pages                                 obj/mm.a
_printn                                           obj/libk.o
_ps                                               obj/taskdeb.a
_putchar                                          obj/console.a
                                                  obj/fat12.o
                                                  obj/libk.o
                                                  obj/syscalls.a
_puts                                             obj/console.a
                                                  obj/8254.o
                                                  obj/libk.o
                                                  obj/floppy.a
                                                  obj/mm.a
                                                  obj/bootstrap.a
_read                                             obj/file.o
                                                  obj/syscalls.a
_read_msr                                         obj/floppy.a
_read_sector                                      obj/floppy.a
_read_sector_id                                   obj/floppy.a
_recalibrate                                      obj/floppy.a
_remover_evento                                   obj/event.o
_remover_task                                     obj/sched.a
                                                  obj/syscalls.a
_remover_timer                                    obj/timer.o
                                                  obj/syscalls.a
_scheduler                                        obj/sched.a
                                                  obj/timer.o
_scr_lock                                         obj/console.a
_scroll_up                                        obj/console.a
_sectores_cache                                   obj/fat12.o
_seek                                             obj/floppy.a
_set_dor                                          obj/floppy.a
_set_value                                        obj/time.o
_setvar                                           obj/syscalls.a
_shift                                            obj/console.a
_spin_lock                                        obj/atomic.o
                                                  obj/syscalls.a
_spin_unlock                                      obj/atomic.o
                                                  obj/syscalls.a
_start                                            obj/boot.o
_start_scheduler                                  obj/sched.a
                                                  obj/bootstrap.a
_str_dir_len                                      obj/fat12.o
_str_to_lower                                     obj/string.o
                                                  obj/sched.a
_str_to_upper                                     obj/string.o
                                                  obj/fat12.o
_strcmp                                           obj/string.o
                                                  obj/fat12.o
                                                  obj/taskdeb.a
                                                  obj/syscalls.a
_strcpy                                           obj/string.o
                                                  obj/fat12.o
                                                  obj/sched.a
_strlen                                           obj/string.o
                                                  obj/stdlib.o
                                                  obj/sched.a
                                                  obj/syscalls.a
_strncpy                                          obj/string.o
                                                  obj/fat12.o
                                                  obj/syscalls.a
_switch_to_kernel_mode                            obj/sched.a
                                                  obj/int.o
_sys_clrscr                                       obj/syscalls.a
_sys_console                                      obj/syscalls.a
_sys_exec                                         obj/syscalls.a
_sys_exit                                         obj/syscalls.a
_sys_exit_mm                                      obj/syscalls.a
_sys_exit_notify                                  obj/syscalls.a
_sys_fork                                         obj/syscalls.a
_sys_free_mem                                     obj/syscalls.a
_sys_free_page                                    obj/syscalls.a
_sys_get_pid                                      obj/syscalls.a
_sys_get_ppid                                     obj/syscalls.a
_sys_gets                                         obj/syscalls.a
_sys_getvar                                       obj/syscalls.a
_sys_kill                                         obj/signals.a
                                                  obj/syscalls.a
_sys_malloc_page                                  obj/syscalls.a
_sys_mem                                          obj/syscalls.a
_sys_misc                                         obj/syscalls.a
_sys_no_existe                                    obj/syscalls.a
_sys_perror                                       obj/syscalls.a
_sys_print                                        obj/syscalls.a
_sys_proc_dump                                    obj/syscalls.a
_sys_proc_dump_v                                  obj/syscalls.a
_sys_process                                      obj/syscalls.a
_sys_renice                                       obj/syscalls.a
_sys_setvar                                       obj/syscalls.a
_sys_show                                         obj/syscalls.a
_sys_sleep                                        obj/syscalls.a
_sys_timer                                        obj/syscalls.a
_sys_timer_dump                                   obj/syscalls.a
_sys_usleep                                       obj/syscalls.a
_sys_void                                         obj/syscalls.a
_sys_wait                                         obj/syscalls.a
_syscall                                          obj/inta.o
                                                  obj/syscalls.a
_syscall_console                                  obj/syscalls.a
_syscall_group_max                                obj/syscalls.a
_syscall_group_vector                             obj/syscalls.a
_syscall_mem                                      obj/syscalls.a
_syscall_misc                                     obj/syscalls.a
_syscall_process                                  obj/syscalls.a
_syscall_timer                                    obj/syscalls.a
_tarea_init                                       obj/sched.a
_tareas_inicio                                    obj/sched.a
                                                  obj/taskdeb.a
                                                  obj/syscalls.a
_task_debug                                       obj/taskdeb.a
_time_debug                                       obj/taskdeb.a
_timer_inicio                                     obj/timer.o
                                                  obj/syscalls.a
_timer_lock                                       obj/timer.o
_timertick_handler                                obj/timer.o
                                                  obj/sched.a
_tolower                                          obj/string.o
_tomar_nombre_tarea                               obj/sched.a
                                                  obj/syscalls.a
_toupper                                          obj/string.o
_tss                                              obj/sched.a
                                                  obj/mm.a
_ufree_page                                       obj/mm.a
                                                  obj/syscalls.a
_umalloc_page                                     obj/mm.a
                                                  obj/syscalls.a
_variables                                        obj/syscalls.a
_zombie_header                                    obj/syscalls.a
                                                  obj/bootstrap.a
_zombie_queue_len                                 obj/syscalls.a
