
Allocating common symbols
Common symbol       size              file

str                 0xd0              tarea.o

Memory Configuration

Name             Origin             Length             Attributes
*default*        0x00000000         0xffffffff

Linker script and memory map


.text           0x80000000      0xa70
 *.o(.text)
 .text          0x80000000       0x90 tarea.o
                0x80000000                main
 .text          0x80000090      0x790 ../lib/routix.o
                0x800000ad                usleep
                0x800002b9                putchar
                0x800004fa                sprintf
                0x8000012e                free_mem
                0x80000090                sleep
                0x800001fc                renice
                0x800002e0                puts
                0x800007d5                setvar
                0x800000ca                proc_dump
                0x800001a1                exec
                0x800006f3                printn_
                0x800007f5                getvar
                0x800001be                gets
                0x800000fc                malloc_page
                0x80000111                free_page
                0x800000df                proc_dump_v
                0x80000297                wait
                0x8000027d                show
                0x80000143                perror
                0x8000022b                get_pid
                0x800007ae                getascii
                0x800001d8                fork
                0x80000247                get_ppid
                0x8000074e                printn_s
                0x8000015d                kill
                0x80000263                exit
                0x800001ea                voido
                0x80000326                printf
                0x80000314                clrscr
 .text          0x80000820      0x250 ../lib/string.o
                0x800008b0                strcat
                0x80000820                strcmp
                0x80000920                strncpy
                0x80000a07                atoi
                0x800009e9                memcpy
                0x8000095a                str_to_upper
                0x800008f1                strcpy
                0x80000997                memcmp
                0x80000883                strlen
                0x00000a70                __code_size = SIZEOF (.text)

.data           0x88000000       0xc0 load address 0x80000a70
 *.o(.data)
 .data          0x88000000       0xa0 tarea.o
 .data          0x880000a0       0x20 ../lib/routix.o
                0x880000b6                sposicion
                0x000000c0                __data_size = SIZEOF (.data)

.bss            0x880000c0       0xd0
 *.o(.bss)
 COMMON         0x880000c0       0xd0 tarea.o
                                  0x0 (size before relaxing)
                0x880000c0                str

.comment
 *(.comment)
TARGET(coff-go32)
LOAD tarea.o
LOAD ../lib/routix.o
LOAD ../lib/string.o
OUTPUT(ps.bin coff-go32)
