Archive member included because of file (symbol)

../lib/routstd.a(routix.o)    tarea.o (printf)
../lib/routstd.a(string.o)    ../lib/routstd.a(routix.o) (strlen)

Allocating common symbols
Common symbol       size              file

a                   0x10              tarea.o
buff                0xd0              tarea.o

Memory Configuration

Name             Origin             Length             Attributes
*default*        0x00000000         0xffffffff

Linker script and memory map


.text           0x80000000      0x7c0
 *.o(.text)
 .text          0x80000000       0xb0 tarea.o
                0x80000088                pepito
                0x80000000                main
 .text          0x800000b0      0x4c0 ../lib/routstd.a(routix.o)
                0x800000cd                usleep
                0x800002b7                putchar
                0x8000014e                free_mem
                0x800000b0                sleep
                0x8000021c                renice
                0x800002de                puts
                0x80000529                setvar
                0x800000ea                proc_dump
                0x800001c1                exec
                0x800004a7                printn_
                0x80000549                getvar
                0x800001de                gets
                0x8000011c                malloc_page
                0x80000131                free_page
                0x800000ff                proc_dump_v
                0x8000029d                show
                0x80000163                perror
                0x8000024b                get_pid
                0x80000502                getascii
                0x800001f8                fork
                0x80000267                get_ppid
                0x8000017d                kill
                0x80000283                exit
                0x8000020a                voido
                0x80000324                printf
                0x80000312                clrscr
 .text          0x80000570      0x250 ../lib/routstd.a(string.o)
                0x80000600                strcat
                0x80000570                strcmp
                0x80000670                strncpy
                0x80000757                atoi
                0x80000739                memcpy
                0x800006aa                str_to_upper
                0x80000641                strcpy
                0x800006e7                memcmp
                0x800005d3                strlen
                0x000007c0                __code_size = SIZEOF (.text)

.data           0x88000000       0xa0 load address 0x800007c0
 *.o(.data)
 .data          0x88000000       0x80 tarea.o
                0x88000000                str
 .data          0x88000080       0x20 ../lib/routstd.a(routix.o)
                0x88000096                sposicion
                0x000000a0                __data_size = SIZEOF (.data)

.bss            0x880000a0       0xe0
 *.o(.bss)
 COMMON         0x880000a0       0xe0 tarea.o
                                  0x0 (size before relaxing)
                0x880000a0                a
                0x880000b0                buff

.comment
 *(.comment)
TARGET(coff-go32)
LOAD tarea.o
LOAD ../lib/routstd.a
OUTPUT(stack.bin coff-go32)
