Archive member included because of file (symbol)

../lib/routstd.a(routix.o)    tarea.o (printf)
../lib/routstd.a(string.o)    ../lib/routstd.a(routix.o) (strlen)

Allocating common symbols
Common symbol       size              file

a                   0x10              tarea.o
buff                0xd0              tarea.o

Memory Configuration

Name             Origin             Length             Attributes
*default*        0x00000000         0xffffffff

Linker script and memory map


.text           0x80000000      0x760
 *.o(.text)
 .text          0x80000000       0x50 tarea.o
                0x80000022                pepito
                0x80000000                main
 .text          0x80000050      0x4c0 ../lib/routstd.a(routix.o)
                0x8000006d                usleep
                0x80000257                putchar
                0x800000ee                free_mem
                0x80000050                sleep
                0x800001bc                renice
                0x8000027e                puts
                0x800004c9                setvar
                0x8000008a                proc_dump
                0x80000161                exec
                0x80000447                printn_
                0x800004e9                getvar
                0x8000017e                gets
                0x800000bc                malloc_page
                0x800000d1                free_page
                0x8000009f                proc_dump_v
                0x8000023d                show
                0x80000103                perror
                0x800001eb                get_pid
                0x800004a2                getascii
                0x80000198                fork
                0x80000207                get_ppid
                0x8000011d                kill
                0x80000223                exit
                0x800001aa                voido
                0x800002c4                printf
                0x800002b2                clrscr
 .text          0x80000510      0x250 ../lib/routstd.a(string.o)
                0x800005a0                strcat
                0x80000510                strcmp
                0x80000610                strncpy
                0x800006f7                atoi
                0x800006d9                memcpy
                0x8000064a                str_to_upper
                0x800005e1                strcpy
                0x80000687                memcmp
                0x80000573                strlen
                0x00000760                __code_size = SIZEOF (.text)

.data           0x88000000       0x50 load address 0x80000760
 *.o(.data)
 .data          0x88000000       0x30 tarea.o
                0x88000000                str
 .data          0x88000030       0x20 ../lib/routstd.a(routix.o)
                0x88000046                sposicion
                0x00000050                __data_size = SIZEOF (.data)

.bss            0x88000050       0xe0
 *.o(.bss)
 COMMON         0x88000050       0xe0 tarea.o
                                  0x0 (size before relaxing)
                0x88000050                a
                0x88000060                buff

.comment
 *(.comment)
TARGET(coff-go32)
LOAD tarea.o
LOAD ../lib/routstd.a
OUTPUT(stack.bin coff-go32)
