Archive member included because of file (symbol)

../lib/routstd.a(routix.o)    tarea.o (printf)
../lib/routstd.a(string.o)    ../lib/routstd.a(routix.o) (strlen)

Allocating common symbols
Common symbol       size              file

a                   0x10              tarea.o
buff                0xd0              tarea.o

Memory Configuration

Name             Origin             Length             Attributes
*default*        0x00000000         0xffffffff

Linker script and memory map


.text           0x80000000      0x720
 *.o(.text)
 .text          0x80000000       0x50 tarea.o
                0x80000029                pepito
                0x80000000                main
 .text          0x80000050      0x480 ../lib/routstd.a(routix.o)
                0x8000006d                usleep
                0x80000257                putchar
                0x800000ee                free_mem
                0x80000050                sleep
                0x800001bc                renice
                0x8000027e                puts
                0x8000008a                proc_dump
                0x80000161                exec
                0x80000447                printn_
                0x8000017e                gets
                0x800000bc                malloc_page
                0x800000d1                free_page
                0x8000009f                proc_dump_v
                0x8000023d                show
                0x80000103                perror
                0x800001eb                get_pid
                0x800004a2                getascii
                0x80000198                fork
                0x80000207                get_ppid
                0x8000011d                kill
                0x80000223                exit
                0x800001aa                voido
                0x800002c4                printf
                0x800002b2                clrscr
 .text          0x800004d0      0x250 ../lib/routstd.a(string.o)
                0x80000560                strcat
                0x800004d0                strcmp
                0x800005d0                strncpy
                0x800006b7                atoi
                0x80000699                memcpy
                0x8000060a                str_to_upper
                0x800005a1                strcpy
                0x80000647                memcmp
                0x80000533                strlen
                0x00000720                __code_size = SIZEOF (.text)

.data           0x88000000       0x80 load address 0x80000720
 *.o(.data)
 .data          0x88000000       0x60 tarea.o
                0x88000000                str
 .data          0x88000060       0x20 ../lib/routstd.a(routix.o)
                0x88000076                sposicion
                0x00000080                __data_size = SIZEOF (.data)

.bss            0x88000080       0xe0
 *.o(.bss)
 COMMON         0x88000080       0xe0 tarea.o
                                  0x0 (size before relaxing)
                0x88000080                a
                0x88000090                buff

.comment
 *(.comment)
TARGET(coff-go32)
LOAD tarea.o
LOAD ../lib/routstd.a
OUTPUT(stack.bin coff-go32)
