Archive member included because of file (symbol)

../lib/routstd.a(routix.o)    tarea.o (printf)
../lib/routstd.a(string.o)    ../lib/routstd.a(routix.o) (strlen)

Allocating common symbols
Common symbol       size              file

buff                0xd0              tarea.o

Memory Configuration

Name             Origin             Length             Attributes
*default*        0x00000000         0xffffffff

Linker script and memory map


.text           0x80000000      0x700
 *.o(.text)
 .text          0x80000000       0x60 tarea.o
                0x80000033                pepito
                0x80000000                main
 .text          0x80000060      0x450 ../lib/routstd.a(routix.o)
                0x8000007d                usleep
                0x80000233                putchar
                0x800000fe                free_mem
                0x80000060                sleep
                0x800001cc                renice
                0x8000025a                puts
                0x8000009a                proc_dump
                0x80000171                exec
                0x80000423                printn_
                0x8000018e                gets
                0x800000cc                malloc_page
                0x800000e1                free_page
                0x800000af                proc_dump_v
                0x80000113                perror
                0x800001fb                get_pid
                0x8000047e                getascii
                0x800001a8                fork
                0x80000217                get_ppid
                0x8000012d                kill
                0x800001ba                voido
                0x800002a0                printf
                0x8000028e                clrscr
 .text          0x800004b0      0x250 ../lib/routstd.a(string.o)
                0x80000540                strcat
                0x800004b0                strcmp
                0x800005b0                strncpy
                0x80000697                atoi
                0x80000679                memcpy
                0x800005ea                str_to_upper
                0x80000581                strcpy
                0x80000627                memcmp
                0x80000513                strlen
                0x00000700                __code_size = SIZEOF (.text)

.data           0x88000000       0x50 load address 0x80000700
 *.o(.data)
 .data          0x88000000       0x30 tarea.o
                0x88000000                str
 .data          0x88000030       0x20 ../lib/routstd.a(routix.o)
                0x88000046                sposicion
                0x00000050                __data_size = SIZEOF (.data)

.bss            0x88000050       0xd0
 *.o(.bss)
 COMMON         0x88000050       0xd0 tarea.o
                                  0x0 (size before relaxing)
                0x88000050                buff

.comment
 *(.comment)
TARGET(coff-go32)
LOAD tarea.o
LOAD ../lib/routstd.a
OUTPUT(stack.bin coff-go32)
