Archive member included because of file (symbol)

../lib/routstd.a(string.o)    tarea.o (strcmp)
../lib/routstd.a(routix.o)    tarea.o (usleep)

Allocating common symbols
Common symbol       size              file

j                   0x10              tarea.o
msg3                0x10              tarea.o
msg                 0x10              tarea.o
k                   0x10              tarea.o
msg2                0x10              tarea.o
pepito              0xfa0             tarea.o
msg1                0x10              tarea.o

Memory Configuration

Name             Origin             Length             Attributes
*default*        0x00000000         0xffffffff

Linker script and memory map


.text           0x80000000     0x1080
 *.o(.text)
 .text          0x80000000      0x940 tarea.o
                0x8000041d                amain
                0x80000356                pepe1
                0x800001c8                pepe
                0x8000028f                pepe2
                0x8000017a                muestra_vector
                0x80000000                main
 .text          0x80000940      0x250 ../lib/routstd.a(string.o)
                0x800009d0                strcat
                0x80000940                strcmp
                0x80000a40                strncpy
                0x80000b27                atoi
                0x80000b09                memcpy
                0x80000a7a                str_to_upper
                0x80000a11                strcpy
                0x80000ab7                memcmp
                0x800009a3                strlen
 .text          0x80000b90      0x4f0 ../lib/routstd.a(routix.o)
                0x80000bad                usleep
                0x80000d97                putchar
                0x80000c2e                free_mem
                0x80000b90                sleep
                0x80000cfc                renice
                0x80000dbe                puts
                0x80001035                setvar
                0x80000bca                proc_dump
                0x80000ca1                exec
                0x80000fb3                printn_
                0x80001055                getvar
                0x80000cbe                gets
                0x80000bfc                malloc_page
                0x80000c11                free_page
                0x80000bdf                proc_dump_v
                0x80000d7d                show
                0x80000c43                perror
                0x80000d2b                get_pid
                0x8000100e                getascii
                0x80000cd8                fork
                0x80000d47                get_ppid
                0x80000c5d                kill
                0x80000d63                exit
                0x80000cea                voido
                0x80000e04                printf
                0x80000df2                clrscr
                0x00001080                __code_size = SIZEOF (.text)

.data           0x88000000     0x2000 load address 0x80001080
 *.o(.data)
 .data          0x88000000     0x1fe0 tarea.o
                0x88001be0                str
                0x88000000                error_types
 .data          0x88001fe0       0x20 ../lib/routstd.a(routix.o)
                0x88001ff6                sposicion
                0x00002000                __data_size = SIZEOF (.data)

.bss            0x88002000     0x1000
 *.o(.bss)
 COMMON         0x88002000     0x1000 tarea.o
                                  0x0 (size before relaxing)
                0x88002000                j
                0x88002010                msg3
                0x88002020                msg
                0x88002030                k
                0x88002040                msg2
                0x88002050                pepito
                0x88002ff0                msg1

.comment
 *(.comment)
TARGET(coff-go32)
LOAD tarea.o
LOAD ../lib/routstd.a
OUTPUT(fork3.bin coff-go32)
