Archive member included because of file (symbol)

../lib/routstd.a(routix.o)    tarea.o (perror)
../lib/routstd.a(string.o)    ../lib/routstd.a(routix.o) (strlen)

Allocating common symbols
Common symbol       size              file

msg                 0x30              tarea.o

Memory Configuration

Name             Origin             Length             Attributes
*default*        0x00000000         0xffffffff

Linker script and memory map


.text           0x80000000      0x8e0
 *.o(.text)
 .text          0x80000000      0x1a0 tarea.o
                0x80000000                main
 .text          0x800001a0      0x4f0 ../lib/routstd.a(routix.o)
                0x800001bd                usleep
                0x800003a7                putchar
                0x8000023e                free_mem
                0x800001a0                sleep
                0x8000030c                renice
                0x800003ce                puts
                0x80000645                setvar
                0x800001da                proc_dump
                0x800002b1                exec
                0x800005c3                printn_
                0x80000665                getvar
                0x800002ce                gets
                0x8000020c                malloc_page
                0x80000221                free_page
                0x800001ef                proc_dump_v
                0x8000038d                show
                0x80000253                perror
                0x8000033b                get_pid
                0x8000061e                getascii
                0x800002e8                fork
                0x80000357                get_ppid
                0x8000026d                kill
                0x80000373                exit
                0x800002fa                voido
                0x80000414                printf
                0x80000402                clrscr
 .text          0x80000690      0x250 ../lib/routstd.a(string.o)
                0x80000720                strcat
                0x80000690                strcmp
                0x80000790                strncpy
                0x80000877                atoi
                0x80000859                memcpy
                0x800007ca                str_to_upper
                0x80000761                strcpy
                0x80000807                memcmp
                0x800006f3                strlen
                0x000008e0                __code_size = SIZEOF (.text)

.data           0x88000000       0xa0 load address 0x800008e0
 *.o(.data)
 .data          0x88000000       0x80 tarea.o
 .data          0x88000080       0x20 ../lib/routstd.a(routix.o)
                0x88000096                sposicion
                0x000000a0                __data_size = SIZEOF (.data)

.bss            0x880000a0       0x30
 *.o(.bss)
 COMMON         0x880000a0       0x30 tarea.o
                                  0x0 (size before relaxing)
                0x880000a0                msg

.comment
 *(.comment)
TARGET(coff-go32)
LOAD tarea.o
LOAD ../lib/routstd.a
OUTPUT(stress1.bin coff-go32)
