Archive member included because of file (symbol)

../lib/routstd.a(routix.o)    shell.o (proc_dump)
../lib/routstd.a(string.o)    shell.o (strcmp)

Allocating common symbols
Common symbol       size              file

j                   0x10              shell.o
aux                 0x10              shell.o
msg                 0x40              shell.o
k                   0x10              shell.o
msg2                0x40              shell.o
pid                 0x10              shell.o
msg1                0x40              shell.o

Memory Configuration

Name             Origin             Length             Attributes
*default*        0x00000000         0xffffffff

Linker script and memory map


.text           0x80000000     0x1020
 *.o(.text)
 .text          0x80000000      0x630 shell.o
                0x80000000                main
 .text          0x80000630      0x7a0 ../lib/routstd.a(routix.o)
                0x8000064d                usleep
                0x8000086f                putchar
                0x80000ab6                sprintf
                0x800006e3                free_mem
                0x80000630                sleep
                0x800007a5                renice
                0x8000089b                puts
                0x80000d91                setvar
                0x8000066a                proc_dump
                0x80000747                exec
                0x80000caf                printn_
                0x80000db1                getvar
                0x8000069c                timer_dump
                0x80000764                gets
                0x800006b1                malloc_page
                0x8000084c                waitpid
                0x800006c6                free_page
                0x8000067f                proc_dump_v
                0x80000832                wait
                0x80000818                show
                0x800006f8                perror
                0x800007d4                get_pid
                0x80000d6a                getascii
                0x8000077e                fork
                0x800007e9                get_ppid
                0x80000d0a                printn_s
                0x80000712                kill
                0x800007fe                exit
                0x80000793                voido
                0x800008e4                printf
                0x800008cf                clrscr
 .text          0x80000dd0      0x250 ../lib/routstd.a(string.o)
                0x80000e60                strcat
                0x80000dd0                strcmp
                0x80000ed0                strncpy
                0x80000fb7                atoi
                0x80000f99                memcpy
                0x80000f0a                str_to_upper
                0x80000ea1                strcpy
                0x80000f47                memcmp
                0x80000e33                strlen
                0x00001020                __code_size = SIZEOF (.text)

.data           0x88000000      0x300 load address 0x80001020
 *.o(.data)
 .data          0x88000000      0x2e0 shell.o
                0x88000010                ntasks
                0x88000000                str
 .data          0x880002e0       0x20 ../lib/routstd.a(routix.o)
                0x880002f6                sposicion
                0x00000300                __data_size = SIZEOF (.data)

.bss            0x88000300      0x100
 *.o(.bss)
 COMMON         0x88000300      0x100 shell.o
                                  0x0 (size before relaxing)
                0x88000300                j
                0x88000310                aux
                0x88000320                msg
                0x88000360                k
                0x88000370                msg2
                0x880003b0                pid
                0x880003c0                msg1

.comment
 *(.comment)
TARGET(coff-go32)
LOAD shell.o
LOAD ../lib/routstd.a
OUTPUT(shell.bin coff-go32)
