Archive member included because of file (symbol)

../lib/routstd.a(routix.o)    shell.o (proc_dump)
../lib/routstd.a(string.o)    shell.o (strcmp)

Allocating common symbols
Common symbol       size              file

j                   0x10              shell.o
msg                 0x40              shell.o
k                   0x10              shell.o
msg2                0x40              shell.o
pid                 0x10              shell.o
msg1                0x40              shell.o

Memory Configuration

Name             Origin             Length             Attributes
*default*        0x00000000         0xffffffff

Linker script and memory map


.text           0x80000000      0xf10
 *.o(.text)
 .text          0x80000000      0x530 shell.o
                0x80000000                main
 .text          0x80000530      0x790 ../lib/routstd.a(routix.o)
                0x8000054d                usleep
                0x80000759                putchar
                0x8000099a                sprintf
                0x800005ce                free_mem
                0x80000530                sleep
                0x8000069c                renice
                0x80000780                puts
                0x80000c75                setvar
                0x8000056a                proc_dump
                0x80000641                exec
                0x80000b93                printn_
                0x80000c95                getvar
                0x8000065e                gets
                0x8000059c                malloc_page
                0x800005b1                free_page
                0x8000057f                proc_dump_v
                0x80000737                wait
                0x8000071d                show
                0x800005e3                perror
                0x800006cb                get_pid
                0x80000c4e                getascii
                0x80000678                fork
                0x800006e7                get_ppid
                0x80000bee                printn_s
                0x800005fd                kill
                0x80000703                exit
                0x8000068a                voido
                0x800007c6                printf
                0x800007b4                clrscr
 .text          0x80000cc0      0x250 ../lib/routstd.a(string.o)
                0x80000d50                strcat
                0x80000cc0                strcmp
                0x80000dc0                strncpy
                0x80000ea7                atoi
                0x80000e89                memcpy
                0x80000dfa                str_to_upper
                0x80000d91                strcpy
                0x80000e37                memcmp
                0x80000d23                strlen
                0x00000f10                __code_size = SIZEOF (.text)

.data           0x88000000      0x240 load address 0x80000f10
 *.o(.data)
 .data          0x88000000      0x220 shell.o
                0x88000000                str
 .data          0x88000220       0x20 ../lib/routstd.a(routix.o)
                0x88000236                sposicion
                0x00000240                __data_size = SIZEOF (.data)

.bss            0x88000240       0xf0
 *.o(.bss)
 COMMON         0x88000240       0xf0 shell.o
                                  0x0 (size before relaxing)
                0x88000240                j
                0x88000250                msg
                0x88000290                k
                0x880002a0                msg2
                0x880002e0                pid
                0x880002f0                msg1

.comment
 *(.comment)
TARGET(coff-go32)
LOAD shell.o
LOAD ../lib/routstd.a
OUTPUT(shell.bin coff-go32)
