Archive member included because of file (symbol)

../lib/routstd.a(routix.o)    shell.o (proc_dump)
../lib/routstd.a(string.o)    shell.o (strcmp)

Allocating common symbols
Common symbol       size              file

j                   0x10              shell.o
msg                 0x40              shell.o
k                   0x10              shell.o
msg2                0x40              shell.o
pid                 0x10              shell.o
msg1                0x40              shell.o

Memory Configuration

Name             Origin             Length             Attributes
*default*        0x00000000         0xffffffff

Linker script and memory map


.text           0x80000000      0xf50
 *.o(.text)
 .text          0x80000000      0x570 shell.o
                0x80000000                main
 .text          0x80000570      0x790 ../lib/routstd.a(routix.o)
                0x8000058d                usleep
                0x80000799                putchar
                0x800009da                sprintf
                0x8000060e                free_mem
                0x80000570                sleep
                0x800006dc                renice
                0x800007c0                puts
                0x80000cb5                setvar
                0x800005aa                proc_dump
                0x80000681                exec
                0x80000bd3                printn_
                0x80000cd5                getvar
                0x8000069e                gets
                0x800005dc                malloc_page
                0x800005f1                free_page
                0x800005bf                proc_dump_v
                0x80000777                wait
                0x8000075d                show
                0x80000623                perror
                0x8000070b                get_pid
                0x80000c8e                getascii
                0x800006b8                fork
                0x80000727                get_ppid
                0x80000c2e                printn_s
                0x8000063d                kill
                0x80000743                exit
                0x800006ca                voido
                0x80000806                printf
                0x800007f4                clrscr
 .text          0x80000d00      0x250 ../lib/routstd.a(string.o)
                0x80000d90                strcat
                0x80000d00                strcmp
                0x80000e00                strncpy
                0x80000ee7                atoi
                0x80000ec9                memcpy
                0x80000e3a                str_to_upper
                0x80000dd1                strcpy
                0x80000e77                memcmp
                0x80000d63                strlen
                0x00000f50                __code_size = SIZEOF (.text)

.data           0x88000000      0x240 load address 0x80000f50
 *.o(.data)
 .data          0x88000000      0x220 shell.o
                0x88000000                str
 .data          0x88000220       0x20 ../lib/routstd.a(routix.o)
                0x88000236                sposicion
                0x00000240                __data_size = SIZEOF (.data)

.bss            0x88000240       0xf0
 *.o(.bss)
 COMMON         0x88000240       0xf0 shell.o
                                  0x0 (size before relaxing)
                0x88000240                j
                0x88000250                msg
                0x88000290                k
                0x880002a0                msg2
                0x880002e0                pid
                0x880002f0                msg1

.comment
 *(.comment)
TARGET(coff-go32)
LOAD shell.o
LOAD ../lib/routstd.a
OUTPUT(shell.bin coff-go32)
