Archive member included because of file (symbol)

../lib/routstd.a(routix.o)    tarea.o (usleep)
../lib/routstd.a(string.o)    ../lib/routstd.a(routix.o) (strlen)

Allocating common symbols
Common symbol       size              file

buff                0xd0              tarea.o

Memory Configuration

Name             Origin             Length             Attributes
*default*        0x00000000         0xffffffff

Linker script and memory map


.text           0x80000000      0xad0
 *.o(.text)
 .text          0x80000000       0xf0 tarea.o
                0x80000000                main
 .text          0x800000f0      0x790 ../lib/routstd.a(routix.o)
                0x8000010d                usleep
                0x80000319                putchar
                0x8000055a                sprintf
                0x8000018e                free_mem
                0x800000f0                sleep
                0x8000025c                renice
                0x80000340                puts
                0x80000835                setvar
                0x8000012a                proc_dump
                0x80000201                exec
                0x80000753                printn_
                0x80000855                getvar
                0x8000021e                gets
                0x8000015c                malloc_page
                0x80000171                free_page
                0x8000013f                proc_dump_v
                0x800002f7                wait
                0x800002dd                show
                0x800001a3                perror
                0x8000028b                get_pid
                0x8000080e                getascii
                0x80000238                fork
                0x800002a7                get_ppid
                0x800007ae                printn_s
                0x800001bd                kill
                0x800002c3                exit
                0x8000024a                voido
                0x80000386                printf
                0x80000374                clrscr
 .text          0x80000880      0x250 ../lib/routstd.a(string.o)
                0x80000910                strcat
                0x80000880                strcmp
                0x80000980                strncpy
                0x80000a67                atoi
                0x80000a49                memcpy
                0x800009ba                str_to_upper
                0x80000951                strcpy
                0x800009f7                memcmp
                0x800008e3                strlen
                0x00000ad0                __code_size = SIZEOF (.text)

.data           0x88000000       0xe0 load address 0x80000ad0
 *.o(.data)
 .data          0x88000000       0xc0 tarea.o
 .data          0x880000c0       0x20 ../lib/routstd.a(routix.o)
                0x880000d6                sposicion
                0x000000e0                __data_size = SIZEOF (.data)

.bss            0x880000e0       0xd0
 *.o(.bss)
 COMMON         0x880000e0       0xd0 tarea.o
                                  0x0 (size before relaxing)
                0x880000e0                buff

.comment
 *(.comment)
TARGET(coff-go32)
LOAD tarea.o
LOAD ../lib/routstd.a
OUTPUT(fork2.bin coff-go32)
