Archive member included because of file (symbol)

../lib/routstd.a(routix.o)    tarea.o (free_mem)
../lib/routstd.a(string.o)    ../lib/routstd.a(routix.o) (strlen)

Allocating common symbols
Common symbol       size              file

msg                 0x30              tarea.o

Memory Configuration

Name             Origin             Length             Attributes
*default*        0x00000000         0xffffffff

Linker script and memory map


.text           0x80000000      0x7d0
 *.o(.text)
 .text          0x80000000       0x90 tarea.o
                0x80000000                main
 .text          0x80000090      0x4f0 ../lib/routstd.a(routix.o)
                0x800000ad                usleep
                0x80000297                putchar
                0x8000012e                free_mem
                0x80000090                sleep
                0x800001fc                renice
                0x800002be                puts
                0x80000535                setvar
                0x800000ca                proc_dump
                0x800001a1                exec
                0x800004b3                printn_
                0x80000555                getvar
                0x800001be                gets
                0x800000fc                malloc_page
                0x80000111                free_page
                0x800000df                proc_dump_v
                0x8000027d                show
                0x80000143                perror
                0x8000022b                get_pid
                0x8000050e                getascii
                0x800001d8                fork
                0x80000247                get_ppid
                0x8000015d                kill
                0x80000263                exit
                0x800001ea                voido
                0x80000304                printf
                0x800002f2                clrscr
 .text          0x80000580      0x250 ../lib/routstd.a(string.o)
                0x80000610                strcat
                0x80000580                strcmp
                0x80000680                strncpy
                0x80000767                atoi
                0x80000749                memcpy
                0x800006ba                str_to_upper
                0x80000651                strcpy
                0x800006f7                memcmp
                0x800005e3                strlen
                0x000007d0                __code_size = SIZEOF (.text)

.data           0x88000000       0x80 load address 0x800007d0
 *.o(.data)
 .data          0x88000000       0x60 tarea.o
 .data          0x88000060       0x20 ../lib/routstd.a(routix.o)
                0x88000076                sposicion
                0x00000080                __data_size = SIZEOF (.data)

.bss            0x88000080       0x30
 *.o(.bss)
 COMMON         0x88000080       0x30 tarea.o
                                  0x0 (size before relaxing)
                0x88000080                msg

.comment
 *(.comment)
TARGET(coff-go32)
LOAD tarea.o
LOAD ../lib/routstd.a
OUTPUT(stress2.bin coff-go32)
