
Cross Reference Table

Symbol                                            File
DEBUG_PAGINACION                                  paging.o
KERNEL_PDT                                        mm.o
                                                  paging.o
_fin                                              kalloc.o
                                                  alloc.o
_inicio                                           kalloc.o
                                                  alloc.o
_sp                                               kalloc.o
                                                  alloc.o
actual                                            kalloc.o
clear_busy_bit                                    segm.o
contar_memoria                                    mm.o
convertir_direccion                               paging.o
copy_page                                         paging.o
free                                              alloc.o
get_free_page                                     kalloc.o
get_page_index                                    paging.o
                                                  mm.o
inicializacion_kmalloc                            kalloc.o
init_MM                                           mm.o
init_MM_base                                      mm.o
init_all_memory                                   mm.o
kfree_page                                        kalloc.o
                                                  paging.o
kmalloc_page                                      kalloc.o
                                                  paging.o
                                                  mm.o
                                                  alloc.o
kmalloc_page_start                                kalloc.o
kmapmem                                           paging.o
kmem_free                                         kalloc.o
kprintf                                           paging.o
                                                  kalloc.o
kunmapmem                                         paging.o
lgdt                                              segm.o
                                                  mm.o
lidt                                              segm.o
make_descriptor                                   segm.o
                                                  mm.o
make_int_gate                                     segm.o
make_pde                                          paging.o
                                                  mm.o
make_pdt                                          paging.o
make_pte                                          paging.o
                                                  mm.o
make_task_gate                                    segm.o
make_trap_gate                                    segm.o
malloc                                            alloc.o
                                                  kalloc.o
memoria                                           mm.o
morecore                                          alloc.o
morecores                                         alloc.o
print_free_pages                                  kalloc.o
puts                                              kalloc.o
tss                                               mm.o
umalloc_page                                      kalloc.o
