
Cross Reference Table

Symbol                                            File
Teclado                                           teclado.o
_getascii                                         teclado.o
alt                                               teclado.o
buff_cant                                         teclado.o
buff_consola                                      teclado.o
buff_head                                         teclado.o
buff_tail                                         teclado.o
buff_teclado                                      teclado.o
caps_lock                                         teclado.o
clrscr                                            video.o
consola_cant                                      teclado.o
consola_head                                      teclado.o
consola_tail                                      teclado.o
ctrl                                              teclado.o
cursor_caracteristicas                            video.o
endOfInterrupt                                    teclado.o
getascii                                          teclado.o
getascii_video                                    video.o
getchar                                           teclado.o
gets                                              teclado.o
gotoxy                                            video.o
inportb                                           teclado.o
keymap                                            teclado.o
keymap_std                                        teclado.o
keymap_std_shift                                  teclado.o
kprintf                                           video.o
leer_buff_teclado                                 teclado.o
nextpos                                           video.o
num_lock                                          teclado.o
pos                                               video.o
printn                                            video.o
putchar                                           video.o
                                                  teclado.o
puts                                              video.o
scr_lock                                          teclado.o
scroll_up                                         video.o
shift                                             teclado.o
